Component: ARM Compiler 5.05 update 1 (build 106) Tool: armlink [4d0efa]

==============================================================================

Section Cross References

    tasks.o(i.eTaskConfirmSleepModeStatus) refers to tasks.o(.bss) for .bss
    tasks.o(i.eTaskConfirmSleepModeStatus) refers to tasks.o(.data) for .data
    tasks.o(i.eTaskGetState) refers to port.o(.emb_text) for ulPortSetInterruptMask
    tasks.o(i.eTaskGetState) refers to port.o(i.vPortEnterCritical) for vPortEnterCritical
    tasks.o(i.eTaskGetState) refers to port.o(i.vPortExitCritical) for vPortExitCritical
    tasks.o(i.eTaskGetState) refers to tasks.o(.data) for .data
    tasks.o(i.eTaskGetState) refers to tasks.o(.bss) for .bss
    tasks.o(i.prvAddCurrentTaskToDelayedList) refers to list.o(i.vListInsert) for vListInsert
    tasks.o(i.prvAddCurrentTaskToDelayedList) refers to tasks.o(.data) for .data
    tasks.o(i.prvCheckTasksWaitingTermination) refers to tasks.o(i.vTaskSuspendAll) for vTaskSuspendAll
    tasks.o(i.prvCheckTasksWaitingTermination) refers to tasks.o(i.xTaskResumeAll) for xTaskResumeAll
    tasks.o(i.prvCheckTasksWaitingTermination) refers to port.o(i.vPortEnterCritical) for vPortEnterCritical
    tasks.o(i.prvCheckTasksWaitingTermination) refers to list.o(i.uxListRemove) for uxListRemove
    tasks.o(i.prvCheckTasksWaitingTermination) refers to port.o(i.vPortExitCritical) for vPortExitCritical
    tasks.o(i.prvCheckTasksWaitingTermination) refers to heap_4.o(i.vPortFree) for vPortFree
    tasks.o(i.prvCheckTasksWaitingTermination) refers to tasks.o(.bss) for .bss
    tasks.o(i.prvCheckTasksWaitingTermination) refers to tasks.o(.data) for .data
    tasks.o(i.prvGetExpectedIdleTime) refers to tasks.o(.data) for .data
    tasks.o(i.prvGetExpectedIdleTime) refers to tasks.o(.bss) for .bss
    tasks.o(i.prvIdleTask) refers to tasks.o(i.prvCheckTasksWaitingTermination) for prvCheckTasksWaitingTermination
    tasks.o(i.prvIdleTask) refers to port.o(i.vPortYield) for vPortYield
    tasks.o(i.prvIdleTask) refers to tasks.o(i.prvGetExpectedIdleTime) for prvGetExpectedIdleTime
    tasks.o(i.prvIdleTask) refers to tasks.o(i.vTaskSuspendAll) for vTaskSuspendAll
    tasks.o(i.prvIdleTask) refers to port.o(.emb_text) for ulPortSetInterruptMask
    tasks.o(i.prvIdleTask) refers to port.o(i.vPortSuppressTicksAndSleep) for vPortSuppressTicksAndSleep
    tasks.o(i.prvIdleTask) refers to tasks.o(i.xTaskResumeAll) for xTaskResumeAll
    tasks.o(i.prvIdleTask) refers to tasks.o(.bss) for .bss
    tasks.o(i.prvIdleTask) refers to tasks.o(.data) for .data
    tasks.o(i.prvResetNextTaskUnblockTime) refers to tasks.o(.data) for .data
    tasks.o(i.prvTaskIsTaskSuspended) refers to port.o(.emb_text) for ulPortSetInterruptMask
    tasks.o(i.prvTaskIsTaskSuspended) refers to tasks.o(.bss) for .bss
    tasks.o(i.pvTaskIncrementMutexHeldCount) refers to tasks.o(.data) for .data
    tasks.o(i.ulTaskNotifyTake) refers to port.o(i.vPortEnterCritical) for vPortEnterCritical
    tasks.o(i.ulTaskNotifyTake) refers to list.o(i.uxListRemove) for uxListRemove
    tasks.o(i.ulTaskNotifyTake) refers to tasks.o(i.prvAddCurrentTaskToDelayedList) for prvAddCurrentTaskToDelayedList
    tasks.o(i.ulTaskNotifyTake) refers to port.o(i.vPortYield) for vPortYield
    tasks.o(i.ulTaskNotifyTake) refers to port.o(i.vPortExitCritical) for vPortExitCritical
    tasks.o(i.ulTaskNotifyTake) refers to list.o(i.vListInsertEnd) for vListInsertEnd
    tasks.o(i.ulTaskNotifyTake) refers to tasks.o(.data) for .data
    tasks.o(i.ulTaskNotifyTake) refers to tasks.o(.bss) for .bss
    tasks.o(i.uxTaskGetNumberOfTasks) refers to tasks.o(.data) for .data
    tasks.o(i.uxTaskGetSystemState) refers to tasks.o(i.vTaskSuspendAll) for vTaskSuspendAll
    tasks.o(i.uxTaskGetSystemState) refers to tasks.o(i.prvListTaskWithinSingleList) for prvListTaskWithinSingleList
    tasks.o(i.uxTaskGetSystemState) refers to tasks.o(i.xTaskResumeAll) for xTaskResumeAll
    tasks.o(i.uxTaskGetSystemState) refers to tasks.o(.data) for .data
    tasks.o(i.uxTaskGetSystemState) refers to tasks.o(.bss) for .bss
    tasks.o(i.uxTaskPriorityGet) refers to port.o(i.vPortEnterCritical) for vPortEnterCritical
    tasks.o(i.uxTaskPriorityGet) refers to port.o(i.vPortExitCritical) for vPortExitCritical
    tasks.o(i.uxTaskPriorityGet) refers to tasks.o(.data) for .data
    tasks.o(i.uxTaskPriorityGetFromISR) refers to port.o(i.vPortValidateInterruptPriority) for vPortValidateInterruptPriority
    tasks.o(i.uxTaskPriorityGetFromISR) refers to port.o(.emb_text) for ulPortSetInterruptMask
    tasks.o(i.uxTaskPriorityGetFromISR) refers to tasks.o(.data) for .data
    tasks.o(i.uxTaskResetEventItemValue) refers to tasks.o(.data) for .data
    tasks.o(i.vTaskDelay) refers to port.o(.emb_text) for ulPortSetInterruptMask
    tasks.o(i.vTaskDelay) refers to tasks.o(i.vTaskSuspendAll) for vTaskSuspendAll
    tasks.o(i.vTaskDelay) refers to list.o(i.uxListRemove) for uxListRemove
[...]
    _printf_flags                            0x00000000   Number         0  stubs.o ABSOLUTE
    _printf_fp_dec                           0x00000000   Number         0  stubs.o ABSOLUTE
    _printf_fp_hex                           0x00000000   Number         0  stubs.o ABSOLUTE
    _printf_g                                0x00000000   Number         0  stubs.o ABSOLUTE
    _printf_i                                0x00000000   Number         0  stubs.o ABSOLUTE
    _printf_int_dec                          0x00000000   Number         0  stubs.o ABSOLUTE
    _printf_l                                0x00000000   Number         0  stubs.o ABSOLUTE
    _printf_lc                               0x00000000   Number         0  stubs.o ABSOLUTE
    _printf_ll                               0x00000000   Number         0  stubs.o ABSOLUTE
    _printf_lld                              0x00000000   Number         0  stubs.o ABSOLUTE
    _printf_lli                              0x00000000   Number         0  stubs.o ABSOLUTE
    _printf_llo                              0x00000000   Number         0  stubs.o ABSOLUTE
    _printf_llu                              0x00000000   Number         0  stubs.o ABSOLUTE
    _printf_llx                              0x00000000   Number         0  stubs.o ABSOLUTE
    _printf_longlong_dec                     0x00000000   Number         0  stubs.o ABSOLUTE
    _printf_longlong_hex                     0x00000000   Number         0  stubs.o ABSOLUTE
    _printf_longlong_oct                     0x00000000   Number         0  stubs.o ABSOLUTE
    _printf_ls                               0x00000000   Number         0  stubs.o ABSOLUTE
    _printf_mbtowc                           0x00000000   Number         0  stubs.o ABSOLUTE
    _printf_n                                0x00000000   Number         0  stubs.o ABSOLUTE
    _printf_o                                0x00000000   Number         0  stubs.o ABSOLUTE
    _printf_p                                0x00000000   Number         0  stubs.o ABSOLUTE
    _printf_percent                          0x00000000   Number         0  stubs.o ABSOLUTE
    _printf_pre_padding                      0x00000000   Number         0  stubs.o ABSOLUTE
    _printf_return_value                     0x00000000   Number         0  stubs.o ABSOLUTE
    _printf_s                                0x00000000   Number         0  stubs.o ABSOLUTE
    _printf_sizespec                         0x00000000   Number         0  stubs.o ABSOLUTE
    _printf_str                              0x00000000   Number         0  stubs.o ABSOLUTE
    _printf_truncate_signed                  0x00000000   Number         0  stubs.o ABSOLUTE
    _printf_truncate_unsigned                0x00000000   Number         0  stubs.o ABSOLUTE
    _printf_u                                0x00000000   Number         0  stubs.o ABSOLUTE
    _printf_wc                               0x00000000   Number         0  stubs.o ABSOLUTE
    _printf_wctomb                           0x00000000   Number         0  stubs.o ABSOLUTE
    _printf_widthprec                        0x00000000   Number         0  stubs.o ABSOLUTE
    _printf_x                                0x00000000   Number         0  stubs.o ABSOLUTE
    __cpp_initialize__aeabi_                  - Undefined Weak Reference
    __cxa_finalize                            - Undefined Weak Reference
    __decompress                              - Undefined Weak Reference
    _clock_init                               - Undefined Weak Reference
    _microlib_exit                            - Undefined Weak Reference
    _scanf_longlong                           - Undefined Weak Reference
    _scanf_string                             - Undefined Weak Reference
    __Vectors_Size                           0x00000124   Number         0  startup_stm32l152xc.o ABSOLUTE
    __Vectors                                0x08008000   Data           4  startup_stm32l152xc.o(RESET)
    __Vectors_End                            0x08008124   Data           0  startup_stm32l152xc.o(RESET)
    __main                                   0x08008125   Thumb Code     0  entry.o(.ARM.Collect$$$$00000000)
    _main_stk                                0x08008125   Thumb Code     0  entry2.o(.ARM.Collect$$$$00000001)
    _main_scatterload                        0x08008129   Thumb Code     0  entry5.o(.ARM.Collect$$$$00000004)
    __main_after_scatterload                 0x0800812d   Thumb Code     0  entry5.o(.ARM.Collect$$$$00000004)
    _main_clock                              0x0800812d   Thumb Code     0  entry7b.o(.ARM.Collect$$$$00000008)
    _main_cpp_init                           0x0800812d   Thumb Code     0  entry8b.o(.ARM.Collect$$$$0000000A)
    _main_init                               0x0800812d   Thumb Code     0  entry9a.o(.ARM.Collect$$$$0000000B)
    __rt_final_cpp                           0x08008135   Thumb Code     0  entry10a.o(.ARM.Collect$$$$0000000D)
    __rt_final_exit                          0x08008135   Thumb Code     0  entry11a.o(.ARM.Collect$$$$0000000F)
    SVC_Handler                              0x08008139   Thumb Code    32  port.o(.emb_text)
    __asm___6_port_c_39a90d8d__prvStartFirstTask 0x0800815d   Thumb Code    28  port.o(.emb_text)
    PendSV_Handler                           0x0800817d   Thumb Code    64  port.o(.emb_text)
    ulPortSetInterruptMask                   0x080081c1   Thumb Code    14  port.o(.emb_text)
    vPortClearInterruptMask                  0x080081cf   Thumb Code     6  port.o(.emb_text)
    vPortGetIPSR                             0x080081d5   Thumb Code     6  port.o(.emb_text)
    Reset_Handler                            0x080081dd   Thumb Code     8  startup_stm32l152xc.o(.text)
    ADC1_IRQHandler                          0x080081f7   Thumb Code     0  startup_stm32l152xc.o(.text)
    COMP_ACQ_IRQHandler                      0x080081f7   Thumb Code     0  startup_stm32l152xc.o(.text)
    COMP_IRQHandler                          0x080081f7   Thumb Code     0  startup_stm32l152xc.o(.text)
    DAC_IRQHandler                           0x080081f7   Thumb Code     0  startup_stm32l152xc.o(.text)
    DMA1_Channel1_IRQHandler                 0x080081f7   Thumb Code     0  startup_stm32l152xc.o(.text)
    DMA1_Channel2_IRQHandler                 0x080081f7   Thumb Code     0  startup_stm32l152xc.o(.text)
    DMA1_Channel3_IRQHandler                 0x080081f7   Thumb Code     0  startup_stm32l152xc.o(.text)
    DMA1_Channel4_IRQHandler                 0x080081f7   Thumb Code     0  startup_stm32l152xc.o(.text)
    DMA1_Channel5_IRQHandler                 0x080081f7   Thumb Code     0  startup_stm32l152xc.o(.text)
    DMA1_Channel6_IRQHandler                 0x080081f7   Thumb Code     0  startup_stm32l152xc.o(.text)
    DMA1_Channel7_IRQHandler                 0x080081f7   Thumb Code     0  startup_stm32l152xc.o(.text)
    DMA2_Channel1_IRQHandler                 0x080081f7   Thumb Code     0  startup_stm32l152xc.o(.text)
    DMA2_Channel2_IRQHandler                 0x080081f7   Thumb Code     0  startup_stm32l152xc.o(.text)
    DMA2_Channel3_IRQHandler                 0x080081f7   Thumb Code     0  startup_stm32l152xc.o(.text)
    DMA2_Channel4_IRQHandler                 0x080081f7   Thumb Code     0  startup_stm32l152xc.o(.text)
    DMA2_Channel5_IRQHandler                 0x080081f7   Thumb Code     0  startup_stm32l152xc.o(.text)
    EXTI0_IRQHandler                         0x080081f7   Thumb Code     0  startup_stm32l152xc.o(.text)
    EXTI1_IRQHandler                         0x080081f7   Thumb Code     0  startup_stm32l152xc.o(.text)
    EXTI2_IRQHandler                         0x080081f7   Thumb Code     0  startup_stm32l152xc.o(.text)
    EXTI3_IRQHandler                         0x080081f7   Thumb Code     0  startup_stm32l152xc.o(.text)
    EXTI4_IRQHandler                         0x080081f7   Thumb Code     0  startup_stm32l152xc.o(.text)
    EXTI9_5_IRQHandler                       0x080081f7   Thumb Code     0  startup_stm32l152xc.o(.text)
    FLASH_IRQHandler                         0x080081f7   Thumb Code     0  startup_stm32l152xc.o(.text)
    I2C1_ER_IRQHandler                       0x080081f7   Thumb Code     0  startup_stm32l152xc.o(.text)
    I2C1_EV_IRQHandler                       0x080081f7   Thumb Code     0  startup_stm32l152xc.o(.text)
    I2C2_ER_IRQHandler                       0x080081f7   Thumb Code     0  startup_stm32l152xc.o(.text)
    I2C2_EV_IRQHandler                       0x080081f7   Thumb Code     0  startup_stm32l152xc.o(.text)
    PVD_IRQHandler                           0x080081f7   Thumb Code     0  startup_stm32l152xc.o(.text)
    RCC_IRQHandler                           0x080081f7   Thumb Code     0  startup_stm32l152xc.o(.text)
    RTC_WKUP_IRQHandler                      0x080081f7   Thumb Code     0  startup_stm32l152xc.o(.text)
    SPI1_IRQHandler                          0x080081f7   Thumb Code     0  startup_stm32l152xc.o(.text)
    SPI2_IRQHandler                          0x080081f7   Thumb Code     0  startup_stm32l152xc.o(.text)
    SPI3_IRQHandler                          0x080081f7   Thumb Code     0  startup_stm32l152xc.o(.text)
    TAMPER_STAMP_IRQHandler                  0x080081f7   Thumb Code     0  startup_stm32l152xc.o(.text)
    TIM10_IRQHandler                         0x080081f7   Thumb Code     0  startup_stm32l152xc.o(.text)
    TIM11_IRQHandler                         0x080081f7   Thumb Code     0  startup_stm32l152xc.o(.text)
    TIM2_IRQHandler                          0x080081f7   Thumb Code     0  startup_stm32l152xc.o(.text)
    TIM3_IRQHandler                          0x080081f7   Thumb Code     0  startup_stm32l152xc.o(.text)
    TIM4_IRQHandler                          0x080081f7   Thumb Code     0  startup_stm32l152xc.o(.text)
    TIM5_IRQHandler                          0x080081f7   Thumb Code     0  startup_stm32l152xc.o(.text)
    TIM9_IRQHandler                          0x080081f7   Thumb Code     0  startup_stm32l152xc.o(.text)
    USART3_IRQHandler                        0x080081f7   Thumb Code     0  startup_stm32l152xc.o(.text)
    USB_FS_WKUP_IRQHandler                   0x080081f7   Thumb Code     0  startup_stm32l152xc.o(.text)
    USB_HP_IRQHandler                        0x080081f7   Thumb Code     0  startup_stm32l152xc.o(.text)
    USB_LP_IRQHandler                        0x080081f7   Thumb Code     0  startup_stm32l152xc.o(.text)
    WWDG_IRQHandler                          0x080081f7   Thumb Code     0  startup_stm32l152xc.o(.text)
    __aeabi_memcpy                           0x08008201   Thumb Code    36  memcpya.o(.text)
    __aeabi_memcpy4                          0x08008201   Thumb Code     0  memcpya.o(.text)
    __aeabi_memcpy8                          0x08008201   Thumb Code     0  memcpya.o(.text)
    __aeabi_memset                           0x08008225   Thumb Code    14  memseta.o(.text)
    __aeabi_memset4                          0x08008225   Thumb Code     0  memseta.o(.text)
    __aeabi_memset8                          0x08008225   Thumb Code     0  memseta.o(.text)
    __aeabi_memclr                           0x08008233   Thumb Code     4  memseta.o(.text)
    __aeabi_memclr4                          0x08008233   Thumb Code     0  memseta.o(.text)
    __aeabi_memclr8                          0x08008233   Thumb Code     0  memseta.o(.text)
    _memset$wrapper                          0x08008237   Thumb Code    18  memseta.o(.text)
    strstr                                   0x08008249   Thumb Code    36  strstr.o(.text)
    strlen                                   0x0800826d   Thumb Code    14  strlen.o(.text)
    __0sscanf                                0x0800827d   Thumb Code    48  __0sscanf.o(.text)
    _scanf_int                               0x080082b5   Thumb Code   332  _scanf_int.o(.text)
    _scanf_real                              0x08008501   Thumb Code     0  scanf_fp.o(.text)
    _scanf_really_real                       0x08008501   Thumb Code   556  scanf_fp.o(.text)
    __aeabi_dadd                             0x08008739   Thumb Code   322  dadd.o(.text)
    __aeabi_dsub                             0x0800887b   Thumb Code     6  dadd.o(.text)
    __aeabi_drsub                            0x08008881   Thumb Code     6  dadd.o(.text)
    __aeabi_dmul                             0x08008887   Thumb Code   228  dmul.o(.text)
    __aeabi_ddiv                             0x0800896b   Thumb Code   222  ddiv.o(.text)
    __aeabi_f2d                              0x08008a49   Thumb Code    38  f2d.o(.text)
    __aeabi_cdrcmple                         0x08008a71   Thumb Code    48  cdrcmple.o(.text)
    __aeabi_d2f                              0x08008aa1   Thumb Code    56  d2f.o(.text)
    __aeabi_uidiv                            0x08008ad9   Thumb Code     0  uidiv.o(.text)
    __aeabi_uidivmod                         0x08008ad9   Thumb Code    44  uidiv.o(.text)
    __aeabi_uldivmod                         0x08008b05   Thumb Code    98  uldiv.o(.text)
    __aeabi_llsl                             0x08008b67   Thumb Code    30  llshl.o(.text)
    _ll_shift_l                              0x08008b67   Thumb Code     0  llshl.o(.text)
    __aeabi_llsr                             0x08008b85   Thumb Code    32  llushr.o(.text)
    _ll_ushift_r                             0x08008b85   Thumb Code     0  llushr.o(.text)
    __aeabi_lasr                             0x08008ba5   Thumb Code    36  llsshr.o(.text)
    _ll_sshift_r                             0x08008ba5   Thumb Code     0  llsshr.o(.text)
    _chval                                   0x08008bc9   Thumb Code    28  _chval.o(.text)
    __vfscanf_char                           0x08008bf1   Thumb Code    20  scanf_char.o(.text)
    _sgetc                                   0x08008c0d   Thumb Code    30  _sgetc.o(.text)
    _sbackspace                              0x08008c2b   Thumb Code    34  _sgetc.o(.text)
    __I$use$fp                               0x08008c4d   Thumb Code     0  iusefp.o(.text)
    _float_round                             0x08008c4d   Thumb Code    18  fepilogue.o(.text)
    _float_epilogue                          0x08008c5f   Thumb Code    92  fepilogue.o(.text)
    _double_round                            0x08008cbb   Thumb Code    30  depilogue.o(.text)
    _double_epilogue                         0x08008cd9   Thumb Code   156  depilogue.o(.text)
    __aeabi_ul2d                             0x08008d75   Thumb Code    24  dfltul.o(.text)
    __aeabi_d2ulz                            0x08008d8d   Thumb Code    48  dfixul.o(.text)
    __scatterload                            0x08008dbd   Thumb Code    28  init.o(.text)
    __scatterload_rt2                        0x08008dbd   Thumb Code     0  init.o(.text)
    isspace                                  0x08008de1   Thumb Code    10  isspace_c.o(.text)
    __vfscanf                                0x08008ded   Thumb Code   808  _scanf.o(.text)
    __ctype_lookup                           0x08009119   Thumb Code    34  ctype_c.o(.text)
    AddaMinute                               0x08009141   Thumb Code   112  time_related.o(i.AddaMinute)
    BSP_SD_GetCardInfo                       0x080091b5   Thumb Code    62  stm32_adafruit_sd.o(i.BSP_SD_GetCardInfo)
    BSP_SD_GetStatus                         0x080091f3   Thumb Code    42  stm32_adafruit_sd.o(i.BSP_SD_GetStatus)
    BSP_SD_Init                              0x0800921d   Thumb Code    48  stm32_adafruit_sd.o(i.BSP_SD_Init)
    BSP_SD_ReadBlocks                        0x08009251   Thumb Code   116  stm32_adafruit_sd.o(i.BSP_SD_ReadBlocks)
    BSP_SD_WriteBlocks                       0x080092c5   Thumb Code   148  stm32_adafruit_sd.o(i.BSP_SD_WriteBlocks)
    BusFault_Handler                         0x08009359   Thumb Code     2  stm32l1xx_it.o(i.BusFault_Handler)
    Button_Init                              0x0800935d   Thumb Code    76  button.o(i.Button_Init)
    DebugMon_Handler                         0x08009525   Thumb Code     2  stm32l1xx_it.o(i.DebugMon_Handler)
    EXTI15_10_IRQHandler                     0x080095e1   Thumb Code    38  stm32l1xx_it.o(i.EXTI15_10_IRQHandler)
    Error_Handler                            0x08009609   Thumb Code    22  main.o(i.Error_Handler)
    FATFS_LinkDriver                         0x0800962d   Thumb Code     6  ff_gen_drv.o(i.FATFS_LinkDriver)
    FATFS_LinkDriverEx                       0x08009635   Thumb Code    60  ff_gen_drv.o(i.FATFS_LinkDriverEx)
    HAL_Delay                                0x08009b91   Thumb Code    22  stm32l1xx_hal.o(i.HAL_Delay)
    HAL_GPIO_DeInit                          0x08009ba9   Thumb Code   260  stm32l1xx_hal_gpio.o(i.HAL_GPIO_DeInit)
    HAL_GPIO_EXTI_Callback                   0x08009cc9   Thumb Code   118  display_module.o(i.HAL_GPIO_EXTI_Callback)
    HAL_GPIO_EXTI_IRQHandler                 0x08009d49   Thumb Code    18  stm32l1xx_hal_gpio.o(i.HAL_GPIO_EXTI_IRQHandler)
    HAL_GPIO_Init                            0x08009d61   Thumb Code   364  stm32l1xx_hal_gpio.o(i.HAL_GPIO_Init)
    HAL_GPIO_ReadPin                         0x08009eed   Thumb Code    10  stm32l1xx_hal_gpio.o(i.HAL_GPIO_ReadPin)
    HAL_GPIO_WritePin                        0x08009ef7   Thumb Code    10  stm32l1xx_hal_gpio.o(i.HAL_GPIO_WritePin)
    HAL_GetTick                              0x08009f01   Thumb Code     6  stm32l1xx_hal.o(i.HAL_GetTick)
    HAL_I2C_DeInit                           0x08009f0d   Thumb Code    50  stm32l1xx_hal_i2c.o(i.HAL_I2C_DeInit)
    HAL_I2C_Init                             0x08009f41   Thumb Code   312  stm32l1xx_hal_i2c.o(i.HAL_I2C_Init)
    HAL_I2C_IsDeviceReady                    0x0800a085   Thumb Code   340  stm32l1xx_hal_i2c.o(i.HAL_I2C_IsDeviceReady)
    HAL_I2C_Mem_Read                         0x0800a1dd   Thumb Code   558  stm32l1xx_hal_i2c.o(i.HAL_I2C_Mem_Read)
    HAL_I2C_Mem_Write                        0x0800a415   Thumb Code   320  stm32l1xx_hal_i2c.o(i.HAL_I2C_Mem_Write)
    HAL_I2C_MspDeInit                        0x0800a559   Thumb Code    90  i2c.o(i.HAL_I2C_MspDeInit)
    HAL_I2C_MspInit                          0x0800a5c5   Thumb Code   124  i2c.o(i.HAL_I2C_MspInit)
    HAL_IWDG_Init                            0x0800a651   Thumb Code    82  stm32l1xx_hal_iwdg.o(i.HAL_IWDG_Init)
    HAL_IWDG_Refresh                         0x0800a6a3   Thumb Code    12  stm32l1xx_hal_iwdg.o(i.HAL_IWDG_Refresh)
    HAL_IncTick                              0x0800a6b1   Thumb Code    10  stm32l1xx_hal.o(i.HAL_IncTick)
    HAL_Init                                 0x0800a6c1   Thumb Code    40  stm32l1xx_hal.o(i.HAL_Init)
    HAL_InitTick                             0x0800a6ed   Thumb Code    34  stm32l1xx_hal.o(i.HAL_InitTick)
    HAL_MspInit                              0x0800a70f   Thumb Code     2  stm32l1xx_hal.o(i.HAL_MspInit)
    HAL_NVIC_DisableIRQ                      0x0800a711   Thumb Code    22  stm32l1xx_hal_cortex.o(i.HAL_NVIC_DisableIRQ)
    HAL_NVIC_EnableIRQ                       0x0800a727   Thumb Code    22  stm32l1xx_hal_cortex.o(i.HAL_NVIC_EnableIRQ)
    HAL_NVIC_SetPriority                     0x0800a73d   Thumb Code    60  stm32l1xx_hal_cortex.o(i.HAL_NVIC_SetPriority)
    HAL_NVIC_SetPriorityGrouping             0x0800a77d   Thumb Code    26  stm32l1xx_hal_cortex.o(i.HAL_NVIC_SetPriorityGrouping)
    HAL_NVIC_SystemReset                     0x0800a7a1   Thumb Code    24  stm32l1xx_hal_cortex.o(i.HAL_NVIC_SystemReset)
    HAL_PWREx_GetVoltageRange                0x0800a7c1   Thumb Code    10  stm32l1xx_hal_pwr_ex.o(i.HAL_PWREx_GetVoltageRange)
    HAL_PWR_EnableBkUpAccess                 0x0800a7d1   Thumb Code    20  stm32l1xx_hal_pwr.o(i.HAL_PWR_EnableBkUpAccess)
    HAL_PWR_EnterSLEEPMode                   0x0800a7e9   Thumb Code    38  stm32l1xx_hal_pwr.o(i.HAL_PWR_EnterSLEEPMode)
    HAL_RCCEx_PeriphCLKConfig                0x0800a819   Thumb Code   378  stm32l1xx_hal_rcc_ex.o(i.HAL_RCCEx_PeriphCLKConfig)
    HAL_RCC_ClockConfig                      0x0800a9a1   Thumb Code   450  stm32l1xx_hal_rcc.o(i.HAL_RCC_ClockConfig)
    HAL_RCC_GetHCLKFreq                      0x0800ab75   Thumb Code     6  stm32l1xx_hal_rcc.o(i.HAL_RCC_GetHCLKFreq)
    HAL_RCC_GetPCLK1Freq                     0x0800ab81   Thumb Code    34  stm32l1xx_hal_rcc.o(i.HAL_RCC_GetPCLK1Freq)
    HAL_RCC_GetPCLK2Freq                     0x0800abb1   Thumb Code    34  stm32l1xx_hal_rcc.o(i.HAL_RCC_GetPCLK2Freq)
    HAL_RCC_GetSysClockFreq                  0x0800abe1   Thumb Code   122  stm32l1xx_hal_rcc.o(i.HAL_RCC_GetSysClockFreq)
    HAL_RCC_OscConfig                        0x0800ac6d   Thumb Code  1860  stm32l1xx_hal_rcc.o(i.HAL_RCC_OscConfig)
    HAL_RTCEx_AlarmBEventCallback            0x0800b3bd   Thumb Code     2  stm32l1xx_hal_rtc_ex.o(i.HAL_RTCEx_AlarmBEventCallback)
    HAL_RTC_AlarmAEventCallback              0x0800b3c1   Thumb Code    14  sys_time_module.o(i.HAL_RTC_AlarmAEventCallback)
    HAL_RTC_AlarmIRQHandler                  0x0800b3d5   Thumb Code    86  stm32l1xx_hal_rtc.o(i.HAL_RTC_AlarmIRQHandler)
    HAL_RTC_GetDate                          0x0800b431   Thumb Code    62  stm32l1xx_hal_rtc.o(i.HAL_RTC_GetDate)
    HAL_RTC_GetTime                          0x0800b475   Thumb Code    84  stm32l1xx_hal_rtc_ex.o(i.HAL_RTC_GetTime)
    HAL_RTC_Init                             0x0800b4cd   Thumb Code   150  stm32l1xx_hal_rtc.o(i.HAL_RTC_Init)
    HAL_RTC_MspInit                          0x0800b569   Thumb Code   126  rtc.o(i.HAL_RTC_MspInit)
    HAL_RTC_SetAlarm_IT                      0x0800b62d   Thumb Code   404  stm32l1xx_hal_rtc_ex.o(i.HAL_RTC_SetAlarm_IT)
    HAL_RTC_SetDate                          0x0800b7c5   Thumb Code   196  stm32l1xx_hal_rtc.o(i.HAL_RTC_SetDate)
    HAL_RTC_SetTime                          0x0800b88d   Thumb Code   228  stm32l1xx_hal_rtc.o(i.HAL_RTC_SetTime)
    HAL_RTC_WaitForSynchro                   0x0800b975   Thumb Code    58  stm32l1xx_hal_rtc_ex.o(i.HAL_RTC_WaitForSynchro)
    HAL_SPI_DeInit                           0x0800b9af   Thumb Code    40  stm32l1xx_hal_spi.o(i.HAL_SPI_DeInit)
    HAL_SPI_GetState                         0x0800b9d7   Thumb Code     6  stm32l1xx_hal_spi.o(i.HAL_SPI_GetState)
    HAL_SPI_Init                             0x0800b9dd   Thumb Code   132  stm32l1xx_hal_spi_ex.o(i.HAL_SPI_Init)
    HAL_SPI_MspDeInit                        0x0800ba61   Thumb Code     2  stm32l1xx_hal_spi.o(i.HAL_SPI_MspDeInit)
    HAL_SPI_MspInit                          0x0800ba63   Thumb Code     2  stm32l1xx_hal_spi.o(i.HAL_SPI_MspInit)
    HAL_SPI_Transmit                         0x0800ba65   Thumb Code   322  stm32l1xx_hal_spi.o(i.HAL_SPI_Transmit)
    HAL_SPI_TransmitReceive                  0x0800bba7   Thumb Code   690  stm32l1xx_hal_spi.o(i.HAL_SPI_TransmitReceive)
    HAL_SYSTICK_Config                       0x0800be59   Thumb Code    40  stm32l1xx_hal_cortex.o(i.HAL_SYSTICK_Config)
    HAL_TIM_IC_CaptureCallback               0x0800be81   Thumb Code     2  stm32l1xx_hal_tim.o(i.HAL_TIM_IC_CaptureCallback)
    HAL_TIM_IRQHandler                       0x0800be83   Thumb Code   294  stm32l1xx_hal_tim.o(i.HAL_TIM_IRQHandler)
    HAL_TIM_OC_DelayElapsedCallback          0x0800bfa9   Thumb Code     2  stm32l1xx_hal_tim.o(i.HAL_TIM_OC_DelayElapsedCallback)
    HAL_TIM_PWM_PulseFinishedCallback        0x0800bfab   Thumb Code     2  stm32l1xx_hal_tim.o(i.HAL_TIM_PWM_PulseFinishedCallback)
    HAL_TIM_PeriodElapsedCallback            0x0800bfad   Thumb Code     2  stm32l1xx_hal_tim.o(i.HAL_TIM_PeriodElapsedCallback)
    HAL_TIM_TriggerCallback                  0x0800bfaf   Thumb Code     2  stm32l1xx_hal_tim.o(i.HAL_TIM_TriggerCallback)
    HAL_UART_ErrorCallback                   0x0800bfb1   Thumb Code     2  stm32l1xx_hal_uart.o(i.HAL_UART_ErrorCallback)
    HAL_UART_Init                            0x0800bfb3   Thumb Code    94  stm32l1xx_hal_uart.o(i.HAL_UART_Init)
    HAL_UART_MspInit                         0x0800c011   Thumb Code   268  usart.o(i.HAL_UART_MspInit)
    HAL_UART_Transmit                        0x0800c139   Thumb Code   204  stm32l1xx_hal_uart.o(i.HAL_UART_Transmit)
    HardFault_Handler                        0x0800c205   Thumb Code     2  stm32l1xx_it.o(i.HardFault_Handler)
    I2C1_Init                                0x0800c209   Thumb Code    34  i2c.o(i.I2C1_Init)
    IWDG_Init                                0x0800c5d9   Thumb Code    20  iwdg.o(i.IWDG_Init)
    LCM_DispCHS                              0x0800c6d9   Thumb Code   206  lcm_drive.o(i.LCM_DispCHS)
    LCM_DispCHSStr                           0x0800c7a7   Thumb Code    66  lcm_drive.o(i.LCM_DispCHSStr)
    LCM_DispChar8_16                         0x0800c7e9   Thumb Code   244  lcm_drive.o(i.LCM_DispChar8_16)
    LCM_DispFill                             0x0800c8e1   Thumb Code    80  lcm_drive.o(i.LCM_DispFill)
    LCM_DispInit                             0x0800c931   Thumb Code    64  lcm_drive.o(i.LCM_DispInit)
    LCM_DispStr8_16                          0x0800c971   Thumb Code    52  lcm_drive.o(i.LCM_DispStr8_16)
    MX_RTC_Init                              0x0800cb05   Thumb Code    78  rtc.o(i.MX_RTC_Init)
    MemManage_Handler                        0x0800ccb1   Thumb Code     2  stm32l1xx_it.o(i.MemManage_Handler)
    NMI_Handler                              0x0800ccb3   Thumb Code     2  stm32l1xx_it.o(i.NMI_Handler)
    PCF8563_GetDateTime                      0x0800ccd5   Thumb Code   228  pcf8563.o(i.PCF8563_GetDateTime)
    PCF8563_Init                             0x0800cdb9   Thumb Code    96  pcf8563.o(i.PCF8563_Init)
    PCF8563_SetDateTime                      0x0800ce75   Thumb Code   102  pcf8563.o(i.PCF8563_SetDateTime)
    PostSleepProcessing                      0x0800cf31   Thumb Code     2  main.o(i.PostSleepProcessing)
    PreSleepProcessing                       0x0800cf33   Thumb Code     8  main.o(i.PreSleepProcessing)
    RTC_Alarm_IRQHandler                     0x0800cfb5   Thumb Code     6  stm32l1xx_it.o(i.RTC_Alarm_IRQHandler)
    RTC_Bcd2ToByte                           0x0800cfc1   Thumb Code    18  stm32l1xx_hal_rtc.o(i.RTC_Bcd2ToByte)
    RTC_ByteToBcd2                           0x0800cfd3   Thumb Code    22  stm32l1xx_hal_rtc.o(i.RTC_ByteToBcd2)
    RTC_EnterInitMode                        0x0800cfe9   Thumb Code    58  stm32l1xx_hal_rtc.o(i.RTC_EnterInitMode)
    SD_IO_Init                               0x0800d2a1   Thumb Code    88  sd_io_low.o(i.SD_IO_Init)
    SD_IO_ReadByte                           0x0800d301   Thumb Code    40  sd_io_low.o(i.SD_IO_ReadByte)
    SD_IO_WaitResponse                       0x0800d331   Thumb Code    36  sd_io_low.o(i.SD_IO_WaitResponse)
    SD_IO_WriteByte                          0x0800d355   Thumb Code    30  sd_io_low.o(i.SD_IO_WriteByte)
    SD_IO_WriteCmd                           0x0800d37d   Thumb Code    84  sd_io_low.o(i.SD_IO_WriteCmd)
    SD_IO_WriteDummy                         0x0800d3d5   Thumb Code    22  sd_io_low.o(i.SD_IO_WriteDummy)
    SD_initialize                            0x0800d401   Thumb Code    26  sd_diskio.o(i.SD_initialize)
    SD_ioctl                                 0x0800d421   Thumb Code    68  sd_diskio.o(i.SD_ioctl)
    SD_read                                  0x0800d469   Thumb Code    24  sd_diskio.o(i.SD_read)
    SD_status                                0x0800d481   Thumb Code    26  sd_diskio.o(i.SD_status)
    SD_write                                 0x0800d4a1   Thumb Code    24  sd_diskio.o(i.SD_write)
    SysTick_Handler                          0x0800d8a5   Thumb Code    14  stm32l1xx_it.o(i.SysTick_Handler)
    SystemClock_Config                       0x0800f4d1   Thumb Code   152  main.o(i.SystemClock_Config)
    SystemInit                               0x0800f571   Thumb Code    62  system_stm32l1xx.o(i.SystemInit)
    TIM6_IRQHandler                          0x0800f5c1   Thumb Code     6  stm32l1xx_it.o(i.TIM6_IRQHandler)
    TIM7_IRQHandler                          0x0800f5cd   Thumb Code     6  stm32l1xx_it.o(i.TIM7_IRQHandler)
    USART1_IRQHandler                        0x0800fb5d   Thumb Code   224  usart_module.o(i.USART1_IRQHandler)
    USART1_UART_Init                         0x0800fc49   Thumb Code    30  usart.o(i.USART1_UART_Init)
    USART2_IRQHandler                        0x0800fc71   Thumb Code   230  usart_module.o(i.USART2_IRQHandler)
    USART2_UART_Init                         0x0800fd65   Thumb Code    34  usart.o(i.USART2_UART_Init)
    UsageFault_Handler                       0x0800fd91   Thumb Code     2  stm32l1xx_it.o(i.UsageFault_Handler)
    __0printf                                0x080102b9   Thumb Code    22  printfa.o(i.__0printf)
    __1printf                                0x080102b9   Thumb Code     0  printfa.o(i.__0printf)
    __2printf                                0x080102b9   Thumb Code     0  printfa.o(i.__0printf)
    __c89printf                              0x080102b9   Thumb Code     0  printfa.o(i.__0printf)
    printf                                   0x080102b9   Thumb Code     0  printfa.o(i.__0printf)
    __0snprintf                              0x080102d9   Thumb Code    36  printfa.o(i.__0snprintf)
    __1snprintf                              0x080102d9   Thumb Code     0  printfa.o(i.__0snprintf)
    __2snprintf                              0x080102d9   Thumb Code     0  printfa.o(i.__0snprintf)
    __c89snprintf                            0x080102d9   Thumb Code     0  printfa.o(i.__0snprintf)
    snprintf                                 0x080102d9   Thumb Code     0  printfa.o(i.__0snprintf)
    __0sprintf                               0x08010301   Thumb Code    34  printfa.o(i.__0sprintf)
    __1sprintf                               0x08010301   Thumb Code     0  printfa.o(i.__0sprintf)
    __2sprintf                               0x08010301   Thumb Code     0  printfa.o(i.__0sprintf)
    __c89sprintf                             0x08010301   Thumb Code     0  printfa.o(i.__0sprintf)
    sprintf                                  0x08010301   Thumb Code     0  printfa.o(i.__0sprintf)
    __scatterload_copy                       0x08010329   Thumb Code    14  handlers.o(i.__scatterload_copy)
    __scatterload_null                       0x08010337   Thumb Code     2  handlers.o(i.__scatterload_null)
    __scatterload_zeroinit                   0x08010339   Thumb Code    14  handlers.o(i.__scatterload_zeroinit)
    _is_digit                                0x080104ad   Thumb Code    14  scanf_fp.o(i._is_digit)
    clust2sect                               0x08010d27   Thumb Code    30  ff.o(i.clust2sect)
    disk_initialize                          0x08011195   Thumb Code    36  diskio.o(i.disk_initialize)
    disk_ioctl                               0x080111bd   Thumb Code    24  diskio.o(i.disk_ioctl)
    disk_read                                0x080111d9   Thumb Code    24  diskio.o(i.disk_read)
    disk_status                              0x080111f5   Thumb Code    18  diskio.o(i.disk_status)
    disk_write                               0x0801120d   Thumb Code    24  diskio.o(i.disk_write)
    eTaskConfirmSleepModeStatus              0x08011229   Thumb Code    38  tasks.o(i.eTaskConfirmSleepModeStatus)
    f_close                                  0x08011259   Thumb Code    54  ff.o(i.f_close)
    f_getfree                                0x0801128f   Thumb Code   212  ff.o(i.f_getfree)
    f_lseek                                  0x08011365   Thumb Code   684  ff.o(i.f_lseek)
    f_mkdir                                  0x08011611   Thumb Code   376  ff.o(i.f_mkdir)
    f_mount                                  0x08011789   Thumb Code   126  ff.o(i.f_mount)
    f_open                                   0x0801180d   Thumb Code   420  ff.o(i.f_open)
    f_read                                   0x080119b5   Thumb Code   466  ff.o(i.f_read)
    f_stat                                   0x08011b87   Thumb Code    72  ff.o(i.f_stat)
    f_sync                                   0x08011bcf   Thumb Code   210  ff.o(i.f_sync)
    f_write                                  0x08011ca1   Thumb Code   538  ff.o(i.f_write)
    ff_cre_syncobj                           0x08011ebb   Thumb Code    26  syscall.o(i.ff_cre_syncobj)
    ff_del_syncobj                           0x08011ed5   Thumb Code    10  syscall.o(i.ff_del_syncobj)
    ff_rel_grant                             0x08011edf   Thumb Code     4  syscall.o(i.ff_rel_grant)
    ff_req_grant                             0x08011ee3   Thumb Code    20  syscall.o(i.ff_req_grant)
    fputc                                    0x08012249   Thumb Code    20  usart.o(i.fputc)
    get_fat                                  0x08012261   Thumb Code   194  ff.o(i.get_fat)
    get_fattime                              0x08012323   Thumb Code     4  diskio.o(i.get_fattime)
    get_sys_time                             0x080123b5   Thumb Code    84  sys_time_module.o(i.get_sys_time)
    get_sys_time_tm                          0x08012411   Thumb Code    88  sys_time_module.o(i.get_sys_time_tm)
    init_display_module                      0x0801262d   Thumb Code    84  display_module.o(i.init_display_module)
    init_storage_module                      0x080126c9   Thumb Code   154  storage_moudle.o(i.init_storage_module)
    init_sys_time_module                     0x08012815   Thumb Code   104  sys_time_module.o(i.init_sys_time_module)
    init_usart_module                        0x080128f5   Thumb Code   152  usart_module.o(i.init_usart_module)
    isLeapYear                               0x08012a25   Thumb Code    38  time_related.o(i.isLeapYear)
    l_mktime                                 0x08012a4d   Thumb Code    90  time_related.o(i.l_mktime)
    main                                     0x08012ac9   Thumb Code    58  main.o(i.main)
    osDelay                                  0x08012b9b   Thumb Code    14  cmsis_os.o(i.osDelay)
    osKernelStart                            0x08012ba9   Thumb Code    10  cmsis_os.o(i.osKernelStart)
    osMessageCreate                          0x08012bb3   Thumb Code     8  cmsis_os.o(i.osMessageCreate)
    osMessageGet                             0x08012bbd   Thumb Code   138  cmsis_os.o(i.osMessageGet)
    osMessagePut                             0x08012c4d   Thumb Code    78  cmsis_os.o(i.osMessagePut)
    osMutexCreate                            0x08012ca1   Thumb Code     6  cmsis_os.o(i.osMutexCreate)
    osMutexRelease                           0x08012ca9   Thumb Code    66  cmsis_os.o(i.osMutexRelease)
    osMutexWait                              0x08012cf1   Thumb Code    92  cmsis_os.o(i.osMutexWait)
    osSemaphoreCreate                        0x08012d51   Thumb Code    46  cmsis_os.o(i.osSemaphoreCreate)
    osSemaphoreDelete                        0x08012d7f   Thumb Code    24  cmsis_os.o(i.osSemaphoreDelete)
    osSemaphoreRelease                       0x08012d99   Thumb Code    66  cmsis_os.o(i.osSemaphoreRelease)
    osSemaphoreWait                          0x08012de1   Thumb Code    92  cmsis_os.o(i.osSemaphoreWait)
    osSystickHandler                         0x08012e41   Thumb Code    20  cmsis_os.o(i.osSystickHandler)
    osThreadCreate                           0x08012e55   Thumb Code    56  cmsis_os.o(i.osThreadCreate)
    put_fat                                  0x08013149   Thumb Code   248  ff.o(i.put_fat)
    pvPortMalloc                             0x08013241   Thumb Code   182  heap_4.o(i.pvPortMalloc)
    pvTaskIncrementMutexHeldCount            0x080132fd   Thumb Code    18  tasks.o(i.pvTaskIncrementMutexHeldCount)
    pxPortInitialiseStack                    0x08013315   Thumb Code    28  port.o(i.pxPortInitialiseStack)
    set_sys_time                             0x080133a5   Thumb Code   144  sys_time_module.o(i.set_sys_time)
    start_download                           0x08013451   Thumb Code    52  storage_moudle.o(i.start_download)
    sync_time                                0x0801356d   Thumb Code   118  time_related.o(i.sync_time)
    uxListRemove                             0x08013667   Thumb Code    36  list.o(i.uxListRemove)
    vListInitialise                          0x0801368b   Thumb Code    22  list.o(i.vListInitialise)
    vListInitialiseItem                      0x080136a1   Thumb Code     6  list.o(i.vListInitialiseItem)
    vListInsert                              0x080136a7   Thumb Code    48  list.o(i.vListInsert)
    vListInsertEnd                           0x080136d7   Thumb Code    24  list.o(i.vListInsertEnd)
    vPortEnterCritical                       0x080136f1   Thumb Code    44  port.o(i.vPortEnterCritical)
    vPortExitCritical                        0x08013725   Thumb Code    30  port.o(i.vPortExitCritical)
    vPortFree                                0x08013749   Thumb Code    68  heap_4.o(i.vPortFree)
    vPortSetupTimerInterrupt                 0x08013791   Thumb Code    58  port.o(i.vPortSetupTimerInterrupt)
    vPortSuppressTicksAndSleep               0x080137d5   Thumb Code   220  port.o(i.vPortSuppressTicksAndSleep)
    vPortValidateInterruptPriority           0x080138b5   Thumb Code    54  port.o(i.vPortValidateInterruptPriority)
    vPortYield                               0x080138f5   Thumb Code    18  port.o(i.vPortYield)
    vQueueDelete                             0x0801390d   Thumb Code    26  queue.o(i.vQueueDelete)
    vQueueUnregisterQueue                    0x08013929   Thumb Code    30  queue.o(i.vQueueUnregisterQueue)
    vTaskDelay                               0x0801394d   Thumb Code    76  tasks.o(i.vTaskDelay)
    vTaskMissedYield                         0x0801399d   Thumb Code     8  tasks.o(i.vTaskMissedYield)
    vTaskPlaceOnEventList                    0x080139a9   Thumb Code    80  tasks.o(i.vTaskPlaceOnEventList)
    vTaskPriorityInherit                     0x08013a01   Thumb Code   124  tasks.o(i.vTaskPriorityInherit)
    vTaskSetTimeOutState                     0x08013a85   Thumb Code    22  tasks.o(i.vTaskSetTimeOutState)
    vTaskStartScheduler                      0x08013aa1   Thumb Code    66  tasks.o(i.vTaskStartScheduler)
    vTaskStepTick                            0x08013af5   Thumb Code    28  tasks.o(i.vTaskStepTick)
    vTaskSuspendAll                          0x08013b15   Thumb Code    10  tasks.o(i.vTaskSuspendAll)
    vTaskSwitchContext                       0x08013b25   Thumb Code    74  tasks.o(i.vTaskSwitchContext)
    xPortStartScheduler                      0x08013bb9   Thumb Code   102  port.o(i.xPortStartScheduler)
    xPortSysTickHandler                      0x08013c2d   Thumb Code    30  port.o(i.xPortSysTickHandler)
    xQueueCreateCountingSemaphore            0x08013c51   Thumb Code    42  queue.o(i.xQueueCreateCountingSemaphore)
    xQueueCreateMutex                        0x08013c7b   Thumb Code    74  queue.o(i.xQueueCreateMutex)
    xQueueGenericCreate                      0x08013cc5   Thumb Code    80  queue.o(i.xQueueGenericCreate)
    xQueueGenericReceive                     0x08013d15   Thumb Code   302  queue.o(i.xQueueGenericReceive)
    xQueueGenericReset                       0x08013e43   Thumb Code   106  queue.o(i.xQueueGenericReset)
    xQueueGenericSend                        0x08013ead   Thumb Code   276  queue.o(i.xQueueGenericSend)
    xQueueGenericSendFromISR                 0x08013fc1   Thumb Code   140  queue.o(i.xQueueGenericSendFromISR)
    xQueueGiveFromISR                        0x0801404d   Thumb Code   118  queue.o(i.xQueueGiveFromISR)
    xQueueReceiveFromISR                     0x080140c3   Thumb Code   118  queue.o(i.xQueueReceiveFromISR)
    xTaskCheckForTimeOut                     0x08014139   Thumb Code    82  tasks.o(i.xTaskCheckForTimeOut)
    xTaskGenericCreate                       0x08014191   Thumb Code   388  tasks.o(i.xTaskGenericCreate)
    xTaskGetSchedulerState                   0x0801431d   Thumb Code    22  tasks.o(i.xTaskGetSchedulerState)
    xTaskIncrementTick                       0x08014339   Thumb Code   184  tasks.o(i.xTaskIncrementTick)
    xTaskPriorityDisinherit                  0x080143f9   Thumb Code   124  tasks.o(i.xTaskPriorityDisinherit)
    xTaskRemoveFromEventList                 0x0801447d   Thumb Code   104  tasks.o(i.xTaskRemoveFromEventList)
    xTaskResumeAll                           0x080144ed   Thumb Code   162  tasks.o(i.xTaskResumeAll)
    PLLMulTable                              0x08014598   Data           9  system_stm32l1xx.o(.constdata)
    AHBPrescTable                            0x080145a1   Data          16  system_stm32l1xx.o(.constdata)
    APBPrescTable                            0x080145b1   Data           8  system_stm32l1xx.o(.constdata)
    DayOfMon                                 0x08014668   Data          52  time_related.o(.constdata)
    ASCII_TAB20                              0x08014c8c   Data          80  lcm_drive.o(.constdata)
    ASCII_TAB30                              0x08014cdc   Data          80  lcm_drive.o(.constdata)
    ASCII_TAB40                              0x08014d2c   Data          80  lcm_drive.o(.constdata)
    ASCII_TAB50                              0x08014d7c   Data          80  lcm_drive.o(.constdata)
    ASCII_TAB60                              0x08014dcc   Data          80  lcm_drive.o(.constdata)
    ASCII_TAB70                              0x08014e1c   Data          80  lcm_drive.o(.constdata)
    HZ_ShiJian                               0x08014e6c   Data          64  font12_16_16.o(.constdata)
    HZ_ShuJu                                 0x08014eac   Data          64  font12_16_16.o(.constdata)
    HZ_Pinlv                                 0x08014eec   Data          64  font12_16_16.o(.constdata)
    HZ_SSFX                                  0x08014f2c   Data         128  font12_16_16.o(.constdata)
    HZ_SSFS                                  0x08014fac   Data         128  font12_16_16.o(.constdata)
    HZ_Du                                    0x0801502c   Data          32  font12_16_16.o(.constdata)
    HZ_SZPL                                  0x0801504c   Data         128  font12_16_16.o(.constdata)
    SD_Driver                                0x08015178   Data          20  sd_diskio.o(.constdata)
    __ctype_categories                       0x0801518c   Data          64  ctype_c.o(.constdata)
    Region$$Table$$Base                      0x080151f4   Number         0  anon$$obj.o(Region$$Table)
    Region$$Table$$Limit                     0x08015214   Number         0  anon$$obj.o(Region$$Table)
    pxCurrentTCB                             0x20000000   Data           4  tasks.o(.data)
    SystemCoreClock                          0x20000038   Data           4  system_stm32l1xx.o(.data)
    Sensor_Configuration                     0x20000068   Data           1  usart_module.o(.data)
    Collecter_Key                            0x20000069   Data           1  usart_module.o(.data)
    download_number                          0x2000006e   Data           1  usart_module.o(.data)
    download_flag                            0x20000078   Data           4  usart_module.o(.data)
    year2                                    0x2000007c   Data           4  usart_module.o(.data)
    month2                                   0x20000080   Data           4  usart_module.o(.data)
    day2                                     0x20000084   Data           4  usart_module.o(.data)
    hour2                                    0x20000088   Data           4  usart_module.o(.data)
    minute2                                  0x2000008c   Data           4  usart_module.o(.data)
    year1                                    0x20000090   Data           4  usart_module.o(.data)
    month1                                   0x20000094   Data           4  usart_module.o(.data)
    day1                                     0x20000098   Data           4  usart_module.o(.data)
    hour1                                    0x2000009c   Data           4  usart_module.o(.data)
    minute1                                  0x200000a0   Data           4  usart_module.o(.data)
    hz                                       0x200000b8   Data           8  usart_module.o(.data)
    second2                                  0x200000c0   Data           4  usart_module.o(.data)
    command                                  0x200000d8   Data           3  main.o(.data)
    SpixTimeout                              0x200000e0   Data           4  sd_io_low.o(.data)
    uwTick                                   0x200000e4   Data           4  stm32l1xx_hal.o(.data)
    SdStatus                                 0x20000121   Data           1  stm32_adafruit_sd.o(.data)
    __stdout                                 0x20000124   Data           4  stdout.o(.data)
    xQueueRegistry                           0x20000218   Data          64  queue.o(.bss)
    min_data                                 0x200005a0   Data         677  sys_time_module.o(.bss)
    wd                                       0x20000c48   Data         420  usart_module.o(.bss)
    ws                                       0x20000dec   Data         436  usart_module.o(.bss)
    huart1                                   0x20001c98   Data          64  usart.o(.bss)
    huart2                                   0x20001cd8   Data          64  usart.o(.bss)
    huart3                                   0x20001d18   Data          64  usart.o(.bss)
    hrtc                                     0x20001d58   Data          32  rtc.o(.bss)
    hiwdg                                    0x20001d78   Data          12  iwdg.o(.bss)
    hi2c1                                    0x20001ddc   Data          84  i2c.o(.bss)
    hi2c2                                    0x20001e30   Data          84  i2c.o(.bss)
    htim6                                    0x20001e84   Data          56  tim.o(.bss)
    htim7                                    0x20001ebc   Data          56  tim.o(.bss)
    disk                                     0x20006f84   Data          12  ff_gen_drv.o(.bss)
    __initial_sp                             0x20007f90   Data           0  startup_stm32l152xc.o(STACK)



==============================================================================

Memory Map of the image

  Image Entry point : 0x08008125

  Load Region LR_IROM1 (Base: 0x08008000, Size: 0x0000d33c, Max: 0x00038000, ABSOLUTE)

    Execution Region ER_IROM1 (Base: 0x08008000, Size: 0x0000d214, Max: 0x00038000, ABSOLUTE)

    Base Addr    Size         Type   Attr      Idx    E Section Name        Object

    0x08008000   0x00000124   Data   RO          914    RESET               startup_stm32l152xc.o
    0x08008124   0x00000000   Code   RO         6699  * .ARM.Collect$$$$00000000  mc_w.l(entry.o)
    0x08008124   0x00000004   Code   RO         7056    .ARM.Collect$$$$00000001  mc_w.l(entry2.o)
    0x08008128   0x00000004   Code   RO         7059    .ARM.Collect$$$$00000004  mc_w.l(entry5.o)
    0x0800812c   0x00000000   Code   RO         7061    .ARM.Collect$$$$00000008  mc_w.l(entry7b.o)
    0x0800812c   0x00000000   Code   RO         7063    .ARM.Collect$$$$0000000A  mc_w.l(entry8b.o)
    0x0800812c   0x00000008   Code   RO         7064    .ARM.Collect$$$$0000000B  mc_w.l(entry9a.o)
    0x08008134   0x00000000   Code   RO         7066    .ARM.Collect$$$$0000000D  mc_w.l(entry10a.o)
    0x08008134   0x00000000   Code   RO         7068    .ARM.Collect$$$$0000000F  mc_w.l(entry11a.o)
    0x08008134   0x00000004   Code   RO         7057    .ARM.Collect$$$$00002712  mc_w.l(entry2.o)
    0x08008138   0x000000a2   Code   RO         5900    .emb_text           port.o
    0x080081da   0x00000002   PAD
    0x080081dc   0x00000024   Code   RO          915    .text               startup_stm32l152xc.o
    0x08008200   0x00000024   Code   RO         6702    .text               mc_w.l(memcpya.o)
    0x08008224   0x00000024   Code   RO         6704    .text               mc_w.l(memseta.o)
    0x08008248   0x00000024   Code   RO         6706    .text               mc_w.l(strstr.o)
    0x0800826c   0x0000000e   Code   RO         6708    .text               mc_w.l(strlen.o)
    0x0800827a   0x00000002   PAD
    0x0800827c   0x00000038   Code   RO         6977    .text               mc_w.l(__0sscanf.o)
    0x080082b4   0x0000014c   Code   RO         6979    .text               mc_w.l(_scanf_int.o)
    0x08008400   0x00000338   Code   RO         6981    .text               mc_w.l(scanf_fp.o)
    0x08008738   0x0000014e   Code   RO         6991    .text               mf_w.l(dadd.o)
    0x08008886   0x000000e4   Code   RO         6993    .text               mf_w.l(dmul.o)
    0x0800896a   0x000000de   Code   RO         6995    .text               mf_w.l(ddiv.o)
    0x08008a48   0x00000026   Code   RO         7009    .text               mf_w.l(f2d.o)
    0x08008a6e   0x00000002   PAD
    0x08008a70   0x00000030   Code   RO         7013    .text               mf_w.l(cdrcmple.o)
    0x08008aa0   0x00000038   Code   RO         7015    .text               mf_w.l(d2f.o)
    0x08008ad8   0x0000002c   Code   RO         7071    .text               mc_w.l(uidiv.o)
    0x08008b04   0x00000062   Code   RO         7073    .text               mc_w.l(uldiv.o)
    0x08008b66   0x0000001e   Code   RO         7075    .text               mc_w.l(llshl.o)
    0x08008b84   0x00000020   Code   RO         7077    .text               mc_w.l(llushr.o)
    0x08008ba4   0x00000024   Code   RO         7079    .text               mc_w.l(llsshr.o)
    0x08008bc8   0x0000001c   Code   RO         7090    .text               mc_w.l(_chval.o)
    0x08008be4   0x00000028   Code   RO         7092    .text               mc_w.l(scanf_char.o)
    0x08008c0c   0x00000040   Code   RO         7094    .text               mc_w.l(_sgetc.o)
    0x08008c4c   0x00000000   Code   RO         7096    .text               mc_w.l(iusefp.o)
    0x08008c4c   0x0000006e   Code   RO         7097    .text               mf_w.l(fepilogue.o)
    0x08008cba   0x000000ba   Code   RO         7099    .text               mf_w.l(depilogue.o)
    0x08008d74   0x00000018   Code   RO         7101    .text               mf_w.l(dfltul.o)
    0x08008d8c   0x00000030   Code   RO         7103    .text               mf_w.l(dfixul.o)
    0x08008dbc   0x00000024   Code   RO         7109    .text               mc_w.l(init.o)
    0x08008de0   0x0000000a   Code   RO         7111    .text               mc_w.l(isspace_c.o)
    0x08008dea   0x00000002   PAD
    0x08008dec   0x0000032c   Code   RO         7113    .text               mc_w.l(_scanf.o)
    0x08009118   0x00000028   Code   RO         7117    .text               mc_w.l(ctype_c.o)
    0x08009140   0x00000074   Code   RO         1870    i.AddaMinute        time_related.o
    0x080091b4   0x0000003e   Code   RO         6616    i.BSP_SD_GetCardInfo  stm32_adafruit_sd.o
    0x080091f2   0x0000002a   Code   RO         6617    i.BSP_SD_GetStatus  stm32_adafruit_sd.o
    0x0800921c   0x00000034   Code   RO         6618    i.BSP_SD_Init       stm32_adafruit_sd.o
    0x08009250   0x00000074   Code   RO         6619    i.BSP_SD_ReadBlocks  stm32_adafruit_sd.o
    0x080092c4   0x00000094   Code   RO         6620    i.BSP_SD_WriteBlocks  stm32_adafruit_sd.o
    0x08009358   0x00000002   Code   RO         1592    i.BusFault_Handler  stm32l1xx_it.o
    0x0800935a   0x00000002   PAD
    0x0800935c   0x00000058   Code   RO         2239    i.Button_Init       button.o
    0x080093b4   0x00000010   Code   RO         2116    i.DIS_DLY           lcm_drive.o
    0x080093c4   0x00000020   Code   RO         1136    i.Data_Screen_ButtonHandler  display_module.o
    0x080093e4   0x00000140   Code   RO         1137    i.Data_Screen_Display  display_module.o
    0x08009524   0x00000002   Code   RO         1593    i.DebugMon_Handler  stm32l1xx_it.o
    0x08009526   0x00000002   PAD
    0x08009528   0x000000b8   Code   RO         1138    i.Display_Thread    display_module.o
    0x080095e0   0x00000026   Code   RO         1594    i.EXTI15_10_IRQHandler  stm32l1xx_it.o
    0x08009606   0x00000002   PAD
    0x08009608   0x00000024   Code   RO         1538    i.Error_Handler     main.o
    0x0800962c   0x00000006   Code   RO         6442    i.FATFS_LinkDriver  ff_gen_drv.o
    0x08009632   0x00000002   PAD
    0x08009634   0x00000040   Code   RO         6443    i.FATFS_LinkDriverEx  ff_gen_drv.o
    0x08009674   0x000002d0   Code   RO         1139    i.FrequencyScreen_ButtonHandler  display_module.o
    0x08009944   0x0000024c   Code   RO         1140    i.FrequencyScreen_Display  display_module.o
    0x08009b90   0x00000016   Code   RO         2531    i.HAL_Delay         stm32l1xx_hal.o
    0x08009ba6   0x00000002   PAD
    0x08009ba8   0x00000120   Code   RO         3012    i.HAL_GPIO_DeInit   stm32l1xx_hal_gpio.o
    0x08009cc8   0x00000080   Code   RO         1141    i.HAL_GPIO_EXTI_Callback  display_module.o
    0x08009d48   0x00000018   Code   RO         3014    i.HAL_GPIO_EXTI_IRQHandler  stm32l1xx_hal_gpio.o
    0x08009d60   0x0000018c   Code   RO         3015    i.HAL_GPIO_Init     stm32l1xx_hal_gpio.o
    0x08009eec   0x0000000a   Code   RO         3017    i.HAL_GPIO_ReadPin  stm32l1xx_hal_gpio.o
    0x08009ef6   0x0000000a   Code   RO         3019    i.HAL_GPIO_WritePin  stm32l1xx_hal_gpio.o
    0x08009f00   0x0000000c   Code   RO         2535    i.HAL_GetTick       stm32l1xx_hal.o
    0x08009f0c   0x00000032   Code   RO         5432    i.HAL_I2C_DeInit    stm32l1xx_hal_i2c.o
    0x08009f3e   0x00000002   PAD
    0x08009f40   0x00000144   Code   RO         5441    i.HAL_I2C_Init      stm32l1xx_hal_i2c.o
    0x0800a084   0x00000158   Code   RO         5442    i.HAL_I2C_IsDeviceReady  stm32l1xx_hal_i2c.o
    0x0800a1dc   0x00000238   Code   RO         5457    i.HAL_I2C_Mem_Read  stm32l1xx_hal_i2c.o
    0x0800a414   0x00000144   Code   RO         5460    i.HAL_I2C_Mem_Write  stm32l1xx_hal_i2c.o
    0x0800a558   0x0000006c   Code   RO         2020    i.HAL_I2C_MspDeInit  i2c.o
    0x0800a5c4   0x0000008c   Code   RO         2021    i.HAL_I2C_MspInit   i2c.o
    0x0800a650   0x00000052   Code   RO         3547    i.HAL_IWDG_Init     stm32l1xx_hal_iwdg.o
    0x0800a6a2   0x0000000c   Code   RO         3548    i.HAL_IWDG_Refresh  stm32l1xx_hal_iwdg.o
    0x0800a6ae   0x00000002   PAD
    0x0800a6b0   0x00000010   Code   RO         2536    i.HAL_IncTick       stm32l1xx_hal.o
    0x0800a6c0   0x0000002c   Code   RO         2537    i.HAL_Init          stm32l1xx_hal.o
    0x0800a6ec   0x00000022   Code   RO         2538    i.HAL_InitTick      stm32l1xx_hal.o
    0x0800a70e   0x00000002   Code   RO         2540    i.HAL_MspInit       stm32l1xx_hal.o
    0x0800a710   0x00000016   Code   RO         2403    i.HAL_NVIC_DisableIRQ  stm32l1xx_hal_cortex.o
    0x0800a726   0x00000016   Code   RO         2404    i.HAL_NVIC_EnableIRQ  stm32l1xx_hal_cortex.o
    0x0800a73c   0x00000040   Code   RO         2410    i.HAL_NVIC_SetPriority  stm32l1xx_hal_cortex.o
    0x0800a77c   0x00000024   Code   RO         2411    i.HAL_NVIC_SetPriorityGrouping  stm32l1xx_hal_cortex.o
    0x0800a7a0   0x00000020   Code   RO         2412    i.HAL_NVIC_SystemReset  stm32l1xx_hal_cortex.o
    0x0800a7c0   0x00000010   Code   RO         2851    i.HAL_PWREx_GetVoltageRange  stm32l1xx_hal_pwr_ex.o
    0x0800a7d0   0x00000018   Code   RO         2732    i.HAL_PWR_EnableBkUpAccess  stm32l1xx_hal_pwr.o
    0x0800a7e8   0x00000030   Code   RO         2737    i.HAL_PWR_EnterSLEEPMode  stm32l1xx_hal_pwr.o
    0x0800a818   0x00000188   Code   RO         2666    i.HAL_RCCEx_PeriphCLKConfig  stm32l1xx_hal_rcc_ex.o
    0x0800a9a0   0x000001d4   Code   RO         2906    i.HAL_RCC_ClockConfig  stm32l1xx_hal_rcc.o
    0x0800ab74   0x0000000c   Code   RO         2911    i.HAL_RCC_GetHCLKFreq  stm32l1xx_hal_rcc.o
    0x0800ab80   0x00000030   Code   RO         2913    i.HAL_RCC_GetPCLK1Freq  stm32l1xx_hal_rcc.o
    0x0800abb0   0x00000030   Code   RO         2914    i.HAL_RCC_GetPCLK2Freq  stm32l1xx_hal_rcc.o
    0x0800abe0   0x0000008c   Code   RO         2915    i.HAL_RCC_GetSysClockFreq  stm32l1xx_hal_rcc.o
    0x0800ac6c   0x00000750   Code   RO         2918    i.HAL_RCC_OscConfig  stm32l1xx_hal_rcc.o
    0x0800b3bc   0x00000002   Code   RO         3684    i.HAL_RTCEx_AlarmBEventCallback  stm32l1xx_hal_rtc_ex.o
    0x0800b3be   0x00000002   PAD
    0x0800b3c0   0x00000014   Code   RO         1334    i.HAL_RTC_AlarmAEventCallback  sys_time_module.o
    0x0800b3d4   0x0000005c   Code   RO         3578    i.HAL_RTC_AlarmIRQHandler  stm32l1xx_hal_rtc.o
    0x0800b430   0x00000044   Code   RO         3581    i.HAL_RTC_GetDate   stm32l1xx_hal_rtc.o
    0x0800b474   0x00000058   Code   RO         3723    i.HAL_RTC_GetTime   stm32l1xx_hal_rtc_ex.o
    0x0800b4cc   0x0000009c   Code   RO         3583    i.HAL_RTC_Init      stm32l1xx_hal_rtc.o
    0x0800b568   0x000000c4   Code   RO         1743    i.HAL_RTC_MspInit   rtc.o
    0x0800b62c   0x00000198   Code   RO         3725    i.HAL_RTC_SetAlarm_IT  stm32l1xx_hal_rtc_ex.o
    0x0800b7c4   0x000000c8   Code   RO         3587    i.HAL_RTC_SetDate   stm32l1xx_hal_rtc.o
    0x0800b88c   0x000000e8   Code   RO         3588    i.HAL_RTC_SetTime   stm32l1xx_hal_rtc.o
    0x0800b974   0x0000003a   Code   RO         3726    i.HAL_RTC_WaitForSynchro  stm32l1xx_hal_rtc_ex.o
    0x0800b9ae   0x00000028   Code   RO         3963    i.HAL_SPI_DeInit    stm32l1xx_hal_spi.o
    0x0800b9d6   0x00000006   Code   RO         3966    i.HAL_SPI_GetState  stm32l1xx_hal_spi.o
    0x0800b9dc   0x00000084   Code   RO         4199    i.HAL_SPI_Init      stm32l1xx_hal_spi_ex.o
    0x0800ba60   0x00000002   Code   RO         3969    i.HAL_SPI_MspDeInit  stm32l1xx_hal_spi.o
    0x0800ba62   0x00000002   Code   RO         3970    i.HAL_SPI_MspInit   stm32l1xx_hal_spi.o
    0x0800ba64   0x00000142   Code   RO         3976    i.HAL_SPI_Transmit  stm32l1xx_hal_spi.o
    0x0800bba6   0x000002b2   Code   RO         3977    i.HAL_SPI_TransmitReceive  stm32l1xx_hal_spi.o
    0x0800be58   0x00000028   Code   RO         2415    i.HAL_SYSTICK_Config  stm32l1xx_hal_cortex.o
    0x0800be80   0x00000002   Code   RO         4254    i.HAL_TIM_IC_CaptureCallback  stm32l1xx_hal_tim.o
    0x0800be82   0x00000126   Code   RO         4267    i.HAL_TIM_IRQHandler  stm32l1xx_hal_tim.o
    0x0800bfa8   0x00000002   Code   RO         4270    i.HAL_TIM_OC_DelayElapsedCallback  stm32l1xx_hal_tim.o
    0x0800bfaa   0x00000002   Code   RO         4297    i.HAL_TIM_PWM_PulseFinishedCallback  stm32l1xx_hal_tim.o
    0x0800bfac   0x00000002   Code   RO         4304    i.HAL_TIM_PeriodElapsedCallback  stm32l1xx_hal_tim.o
    0x0800bfae   0x00000002   Code   RO         4308    i.HAL_TIM_TriggerCallback  stm32l1xx_hal_tim.o
    0x0800bfb0   0x00000002   Code   RO         4892    i.HAL_UART_ErrorCallback  stm32l1xx_hal_uart.o
    0x0800bfb2   0x0000005e   Code   RO         4896    i.HAL_UART_Init     stm32l1xx_hal_uart.o
    0x0800c010   0x00000128   Code   RO         1683    i.HAL_UART_MspInit  usart.o
    0x0800c138   0x000000cc   Code   RO         4904    i.HAL_UART_Transmit  stm32l1xx_hal_uart.o
    0x0800c204   0x00000002   Code   RO         1595    i.HardFault_Handler  stm32l1xx_it.o
    0x0800c206   0x00000002   PAD
    0x0800c208   0x00000030   Code   RO         2022    i.I2C1_Init         i2c.o
    0x0800c238   0x00000028   Code   RO         5479    i.I2C_IsAcknowledgeFailed  stm32l1xx_hal_i2c.o
    0x0800c260   0x000000f0   Code   RO         5488    i.I2C_RequestMemoryRead  stm32l1xx_hal_i2c.o
    0x0800c350   0x000000a0   Code   RO         5489    i.I2C_RequestMemoryWrite  stm32l1xx_hal_i2c.o
    0x0800c3f0   0x0000004e   Code   RO         5492    i.I2C_WaitOnBTFFlagUntilTimeout  stm32l1xx_hal_i2c.o
    0x0800c43e   0x00000060   Code   RO         5493    i.I2C_WaitOnFlagUntilTimeout  stm32l1xx_hal_i2c.o
    0x0800c49e   0x00000002   PAD
    0x0800c4a0   0x00000088   Code   RO         5494    i.I2C_WaitOnMasterAddressFlagUntilTimeout  stm32l1xx_hal_i2c.o
    0x0800c528   0x00000062   Code   RO         5495    i.I2C_WaitOnRXNEFlagUntilTimeout  stm32l1xx_hal_i2c.o
    0x0800c58a   0x0000004e   Code   RO         5496    i.I2C_WaitOnTXEFlagUntilTimeout  stm32l1xx_hal_i2c.o
    0x0800c5d8   0x0000001c   Code   RO         1833    i.IWDG_Init         iwdg.o
    0x0800c5f4   0x000000d0   Code   RO         2118    i.LCD_IO_Init       lcm_drive.o
    0x0800c6c4   0x00000014   Code   RO         2119    i.LCD_IO_Write      lcm_drive.o
    0x0800c6d8   0x000000ce   Code   RO         2120    i.LCM_DispCHS       lcm_drive.o
    0x0800c7a6   0x00000042   Code   RO         2121    i.LCM_DispCHSStr    lcm_drive.o
    0x0800c7e8   0x000000f8   Code   RO         2123    i.LCM_DispChar8_16  lcm_drive.o
    0x0800c8e0   0x00000050   Code   RO         2124    i.LCM_DispFill      lcm_drive.o
    0x0800c930   0x00000040   Code   RO         2125    i.LCM_DispInit      lcm_drive.o
    0x0800c970   0x00000034   Code   RO         2127    i.LCM_DispStr8_16   lcm_drive.o
    0x0800c9a4   0x00000058   Code   RO         2128    i.LCM_Wr1Command    lcm_drive.o
    0x0800c9fc   0x00000058   Code   RO         2129    i.LCM_Wr1Data       lcm_drive.o
    0x0800ca54   0x00000058   Code   RO         2130    i.LCM_Wr2Command    lcm_drive.o
    0x0800caac   0x00000058   Code   RO         2131    i.LCM_Wr2Data       lcm_drive.o
    0x0800cb04   0x00000058   Code   RO         1744    i.MX_RTC_Init       rtc.o
    0x0800cb5c   0x00000060   Code   RO         1142    i.MainScreen_ButtonHandler  display_module.o
    0x0800cbbc   0x000000f4   Code   RO         1143    i.MainScreen_Display  display_module.o
    0x0800ccb0   0x00000002   Code   RO         1596    i.MemManage_Handler  stm32l1xx_it.o
    0x0800ccb2   0x00000002   Code   RO         1597    i.NMI_Handler       stm32l1xx_it.o
    0x0800ccb4   0x00000020   Code   RO         2417    i.NVIC_SetPriority  stm32l1xx_hal_cortex.o
    0x0800ccd4   0x000000e4   Code   RO         1784    i.PCF8563_GetDateTime  pcf8563.o
    0x0800cdb8   0x00000068   Code   RO         1785    i.PCF8563_Init      pcf8563.o
    0x0800ce20   0x00000054   Code   RO         1786    i.PCF8563_ReadAddress  pcf8563.o
    0x0800ce74   0x00000066   Code   RO         1787    i.PCF8563_SetDateTime  pcf8563.o
    0x0800ceda   0x00000002   PAD
    0x0800cedc   0x00000054   Code   RO         1788    i.PCF8563_WriteAddress  pcf8563.o
    0x0800cf30   0x00000002   Code   RO         1539    i.PostSleepProcessing  main.o
    0x0800cf32   0x00000008   Code   RO         1540    i.PreSleepProcessing  main.o
    0x0800cf3a   0x00000002   PAD
    0x0800cf3c   0x00000078   Code   RO         2919    i.RCC_SetFlashLatencyFromMSIRange  stm32l1xx_hal_rcc.o
    0x0800cfb4   0x0000000c   Code   RO         1598    i.RTC_Alarm_IRQHandler  stm32l1xx_it.o
    0x0800cfc0   0x00000012   Code   RO         3589    i.RTC_Bcd2ToByte    stm32l1xx_hal_rtc.o
    0x0800cfd2   0x00000016   Code   RO         3590    i.RTC_ByteToBcd2    stm32l1xx_hal_rtc.o
    0x0800cfe8   0x0000003a   Code   RO         3591    i.RTC_EnterInitMode  stm32l1xx_hal_rtc.o
    0x0800d022   0x00000002   PAD
    0x0800d024   0x000000ec   Code   RO         6621    i.SD_GetCIDRegister  stm32_adafruit_sd.o
    0x0800d110   0x0000018e   Code   RO         6622    i.SD_GetCSDRegister  stm32_adafruit_sd.o
    0x0800d29e   0x00000002   PAD
    0x0800d2a0   0x00000060   Code   RO         1945    i.SD_IO_Init        sd_io_low.o
    0x0800d300   0x00000030   Code   RO         1946    i.SD_IO_ReadByte    sd_io_low.o
    0x0800d330   0x00000024   Code   RO         1947    i.SD_IO_WaitResponse  sd_io_low.o
    0x0800d354   0x00000028   Code   RO         1948    i.SD_IO_WriteByte   sd_io_low.o
    0x0800d37c   0x00000058   Code   RO         1949    i.SD_IO_WriteCmd    sd_io_low.o
    0x0800d3d4   0x0000001c   Code   RO         1950    i.SD_IO_WriteDummy  sd_io_low.o
    0x0800d3f0   0x00000010   Code   RO         6623    i.SD_SendCmd        stm32_adafruit_sd.o
    0x0800d400   0x00000020   Code   RO         6492    i.SD_initialize     sd_diskio.o
    0x0800d420   0x00000048   Code   RO         6493    i.SD_ioctl          sd_diskio.o
    0x0800d468   0x00000018   Code   RO         6494    i.SD_read           sd_diskio.o
    0x0800d480   0x00000020   Code   RO         6495    i.SD_status         sd_diskio.o
    0x0800d4a0   0x00000018   Code   RO         6496    i.SD_write          sd_diskio.o
    0x0800d4b8   0x0000009e   Code   RO         3998    i.SPI_WaitOnFlagUntilTimeout  stm32l1xx_hal_spi.o
    0x0800d556   0x00000002   PAD
    0x0800d558   0x00000014   Code   RO         1951    i.SPIx_Error        sd_io_low.o
    0x0800d56c   0x00000050   Code   RO         1952    i.SPIx_Init         sd_io_low.o
    0x0800d5bc   0x00000088   Code   RO         1953    i.SPIx_MspInit      sd_io_low.o
    0x0800d644   0x00000260   Code   RO         1488    i.Storage_Thread    storage_moudle.o
    0x0800d8a4   0x0000000e   Code   RO         1599    i.SysTick_Handler   stm32l1xx_it.o
    0x0800d8b2   0x00000002   PAD
    0x0800d8b4   0x00001c1c   Code   RO         1335    i.SysTime_Thread    sys_time_module.o
    0x0800f4d0   0x000000a0   Code   RO         1541    i.SystemClock_Config  main.o
    0x0800f570   0x00000050   Code   RO         1099    i.SystemInit        system_stm32l1xx.o
    0x0800f5c0   0x0000000c   Code   RO         1600    i.TIM6_IRQHandler   stm32l1xx_it.o
    0x0800f5cc   0x0000000c   Code   RO         1601    i.TIM7_IRQHandler   stm32l1xx_it.o
    0x0800f5d8   0x00000118   Code   RO         1144    i.TimeScreen_ButtonHandler  display_module.o
    0x0800f6f0   0x00000138   Code   RO         1145    i.TimeScreen_Display  display_module.o
    0x0800f828   0x000002a0   Code   RO         4915    i.UART_SetConfig    stm32l1xx_hal_uart.o
    0x0800fac8   0x00000092   Code   RO         4917    i.UART_WaitOnFlagUntilTimeout  stm32l1xx_hal_uart.o
    0x0800fb5a   0x00000002   PAD
    0x0800fb5c   0x000000ec   Code   RO         1425    i.USART1_IRQHandler  usart_module.o
    0x0800fc48   0x00000028   Code   RO         1684    i.USART1_UART_Init  usart.o
    0x0800fc70   0x000000f4   Code   RO         1426    i.USART2_IRQHandler  usart_module.o
    0x0800fd64   0x0000002c   Code   RO         1685    i.USART2_UART_Init  usart.o
    0x0800fd90   0x00000002   Code   RO         1602    i.UsageFault_Handler  stm32l1xx_it.o
    0x0800fd92   0x00000002   PAD
    0x0800fd94   0x000000d4   Code   RO         1427    i.Usart1_Thread     usart_module.o
    0x0800fe68   0x00000450   Code   RO         1428    i.Usart2_Thread     usart_module.o
    0x080102b8   0x00000020   Code   RO         6949    i.__0printf         mc_w.l(printfa.o)
    0x080102d8   0x00000028   Code   RO         6950    i.__0snprintf       mc_w.l(printfa.o)
    0x08010300   0x00000028   Code   RO         6951    i.__0sprintf        mc_w.l(printfa.o)
    0x08010328   0x0000000e   Code   RO         7122    i.__scatterload_copy  mc_w.l(handlers.o)
    0x08010336   0x00000002   Code   RO         7123    i.__scatterload_null  mc_w.l(handlers.o)
    0x08010338   0x0000000e   Code   RO         7124    i.__scatterload_zeroinit  mc_w.l(handlers.o)
    0x08010346   0x00000002   PAD
    0x08010348   0x00000164   Code   RO         6956    i._fp_digits        mc_w.l(printfa.o)
    0x080104ac   0x0000000e   Code   RO         6983    i._is_digit         mc_w.l(scanf_fp.o)
    0x080104ba   0x00000002   PAD
    0x080104bc   0x000006dc   Code   RO         6957    i._printf_core      mc_w.l(printfa.o)
    0x08010b98   0x00000024   Code   RO         6958    i._printf_post_padding  mc_w.l(printfa.o)
    0x08010bbc   0x0000002e   Code   RO         6959    i._printf_pre_padding  mc_w.l(printfa.o)
    0x08010bea   0x00000016   Code   RO         6960    i._snputc           mc_w.l(printfa.o)
    0x08010c00   0x0000000a   Code   RO         6961    i._sputc            mc_w.l(printfa.o)
    0x08010c0a   0x00000002   PAD
    0x08010c0c   0x00000060   Code   RO         6096    i.check_fs          ff.o
    0x08010c6c   0x0000006c   Code   RO         6097    i.chk_lock          ff.o
    0x08010cd8   0x00000024   Code   RO         6098    i.clear_lock        ff.o
    0x08010cfc   0x0000002a   Code   RO         6099    i.clmt_clust        ff.o
    0x08010d26   0x0000001e   Code   RO         6100    i.clust2sect        ff.o
    0x08010d44   0x000000b0   Code   RO         6101    i.create_chain      ff.o
    0x08010df4   0x00000138   Code   RO         6102    i.create_name       ff.o
    0x08010f2c   0x0000003c   Code   RO         6103    i.dec_lock          ff.o
    0x08010f68   0x0000011e   Code   RO         6104    i.dir_next          ff.o
    0x08011086   0x00000076   Code   RO         6106    i.dir_register      ff.o
    0x080110fc   0x00000098   Code   RO         6108    i.dir_sdi           ff.o
    0x08011194   0x00000028   Code   RO         6035    i.disk_initialize   diskio.o
    0x080111bc   0x0000001c   Code   RO         6036    i.disk_ioctl        diskio.o
    0x080111d8   0x0000001c   Code   RO         6037    i.disk_read         diskio.o
    0x080111f4   0x00000018   Code   RO         6038    i.disk_status       diskio.o
    0x0801120c   0x0000001c   Code   RO         6039    i.disk_write        diskio.o
    0x08011228   0x00000030   Code   RO            1    i.eTaskConfirmSleepModeStatus  tasks.o
    0x08011258   0x00000036   Code   RO         6111    i.f_close           ff.o
    0x0801128e   0x000000d4   Code   RO         6114    i.f_getfree         ff.o
    0x08011362   0x00000002   PAD
    0x08011364   0x000002ac   Code   RO         6116    i.f_lseek           ff.o
    0x08011610   0x00000178   Code   RO         6117    i.f_mkdir           ff.o
    0x08011788   0x00000084   Code   RO         6119    i.f_mount           ff.o
    0x0801180c   0x000001a8   Code   RO         6120    i.f_open            ff.o
    0x080119b4   0x000001d2   Code   RO         6125    i.f_read            ff.o
    0x08011b86   0x00000048   Code   RO         6128    i.f_stat            ff.o
    0x08011bce   0x000000d2   Code   RO         6129    i.f_sync            ff.o
    0x08011ca0   0x0000021a   Code   RO         6133    i.f_write           ff.o
    0x08011eba   0x0000001a   Code   RO         6548    i.ff_cre_syncobj    syscall.o
    0x08011ed4   0x0000000a   Code   RO         6549    i.ff_del_syncobj    syscall.o
    0x08011ede   0x00000004   Code   RO         6550    i.ff_rel_grant      syscall.o
    0x08011ee2   0x00000014   Code   RO         6551    i.ff_req_grant      syscall.o
    0x08011ef6   0x00000002   PAD
    0x08011ef8   0x0000026c   Code   RO         6134    i.find_volume       ff.o
    0x08012164   0x000000e4   Code   RO         6135    i.follow_path       ff.o
    0x08012248   0x00000018   Code   RO         1687    i.fputc             usart.o
    0x08012260   0x000000c2   Code   RO         6136    i.get_fat           ff.o
    0x08012322   0x00000004   Code   RO         6040    i.get_fattime       diskio.o
    0x08012326   0x00000050   Code   RO         6137    i.get_fileinfo      ff.o
    0x08012376   0x0000003c   Code   RO         6138    i.get_ldnumber      ff.o
    0x080123b2   0x00000002   PAD
    0x080123b4   0x0000005c   Code   RO         1340    i.get_sys_time      sys_time_module.o
    0x08012410   0x00000060   Code   RO         1341    i.get_sys_time_tm   sys_time_module.o
    0x08012470   0x0000000c   Code   RO          570    i.inHandlerMode     cmsis_os.o
    0x0801247c   0x000000a0   Code   RO         6139    i.inc_lock          ff.o
    0x0801251c   0x00000090   Code   RO         1489    i.init_directorys   storage_moudle.o
    0x080125ac   0x00000080   Code   RO         1147    i.init_display_menus  display_module.o
    0x0801262c   0x0000009c   Code   RO         1148    i.init_display_module  display_module.o
    0x080126c8   0x0000014c   Code   RO         1490    i.init_storage_module  storage_moudle.o
    0x08012814   0x000000e0   Code   RO         1342    i.init_sys_time_module  sys_time_module.o
    0x080128f4   0x00000130   Code   RO         1429    i.init_usart_module  usart_module.o
    0x08012a24   0x00000026   Code   RO         1931    i.isLeapYear        time_related.o
    0x08012a4a   0x00000002   PAD
    0x08012a4c   0x00000060   Code   RO         1874    i.l_mktime          time_related.o
    0x08012aac   0x00000014   Code   RO         6140    i.ld_clust          ff.o
    0x08012ac0   0x00000008   Code   RO         6141    i.lock_fs           ff.o
    0x08012ac8   0x00000070   Code   RO         1542    i.main              main.o
    0x08012b38   0x0000000c   Code   RO          572    i.makeFreeRtosPriority  cmsis_os.o
    0x08012b44   0x00000012   Code   RO         6142    i.mem_cpy           ff.o
    0x08012b56   0x0000000e   Code   RO         6143    i.mem_set           ff.o
    0x08012b64   0x00000036   Code   RO         6144    i.move_window       ff.o
    0x08012b9a   0x0000000e   Code   RO          573    i.osDelay           cmsis_os.o
    0x08012ba8   0x0000000a   Code   RO          576    i.osKernelStart     cmsis_os.o
    0x08012bb2   0x00000008   Code   RO          584    i.osMessageCreate   cmsis_os.o
    0x08012bba   0x00000002   PAD
    0x08012bbc   0x00000090   Code   RO          585    i.osMessageGet      cmsis_os.o
    0x08012c4c   0x00000054   Code   RO          587    i.osMessagePut      cmsis_os.o
    0x08012ca0   0x00000006   Code   RO          588    i.osMutexCreate     cmsis_os.o
    0x08012ca6   0x00000002   PAD
    0x08012ca8   0x00000048   Code   RO          590    i.osMutexRelease    cmsis_os.o
    0x08012cf0   0x00000060   Code   RO          591    i.osMutexWait       cmsis_os.o
    0x08012d50   0x0000002e   Code   RO          599    i.osSemaphoreCreate  cmsis_os.o
    0x08012d7e   0x00000018   Code   RO          600    i.osSemaphoreDelete  cmsis_os.o
    0x08012d96   0x00000002   PAD
    0x08012d98   0x00000048   Code   RO          601    i.osSemaphoreRelease  cmsis_os.o
    0x08012de0   0x00000060   Code   RO          602    i.osSemaphoreWait   cmsis_os.o
    0x08012e40   0x00000014   Code   RO          605    i.osSystickHandler  cmsis_os.o
    0x08012e54   0x00000038   Code   RO          606    i.osThreadCreate    cmsis_os.o
    0x08012e8c   0x00000034   Code   RO            3    i.prvAddCurrentTaskToDelayedList  tasks.o
    0x08012ec0   0x00000054   Code   RO            4    i.prvCheckTasksWaitingTermination  tasks.o
    0x08012f14   0x00000026   Code   RO          402    i.prvCopyDataFromQueue  queue.o
    0x08012f3a   0x0000006e   Code   RO          403    i.prvCopyDataToQueue  queue.o
    0x08012fa8   0x00000024   Code   RO            5    i.prvGetExpectedIdleTime  tasks.o
    0x08012fcc   0x0000004c   Code   RO         5983    i.prvHeapInit       heap_4.o
    0x08013018   0x00000048   Code   RO            6    i.prvIdleTask       tasks.o
    0x08013060   0x0000004c   Code   RO         5984    i.prvInsertBlockIntoFreeList  heap_4.o
    0x080130ac   0x00000020   Code   RO            8    i.prvResetNextTaskUnblockTime  tasks.o
    0x080130cc   0x00000018   Code   RO         5901    i.prvTaskExitError  port.o
    0x080130e4   0x00000064   Code   RO          404    i.prvUnlockQueue    queue.o
    0x08013148   0x000000f8   Code   RO         6145    i.put_fat           ff.o
    0x08013240   0x000000bc   Code   RO         5985    i.pvPortMalloc      heap_4.o
    0x080132fc   0x00000018   Code   RO           10    i.pvTaskIncrementMutexHeldCount  tasks.o
    0x08013314   0x00000020   Code   RO         5902    i.pxPortInitialiseStack  port.o
    0x08013334   0x0000006e   Code   RO         6147    i.remove_chain      ff.o
    0x080133a2   0x00000002   PAD
    0x080133a4   0x0000009c   Code   RO         1343    i.set_sys_time      sys_time_module.o
    0x08013440   0x00000010   Code   RO         6148    i.st_clust          ff.o
    0x08013450   0x00000064   Code   RO         1491    i.start_download    storage_moudle.o
    0x080134b4   0x000000b6   Code   RO         6149    i.sync_fs           ff.o
    0x0801356a   0x00000002   PAD
    0x0801356c   0x0000007c   Code   RO         1875    i.sync_time         time_related.o
    0x080135e8   0x00000060   Code   RO         6150    i.sync_window       ff.o
    0x08013648   0x0000001e   Code   RO         6151    i.unlock_fs         ff.o
    0x08013666   0x00000024   Code   RO          357    i.uxListRemove      list.o
    0x0801368a   0x00000016   Code   RO          358    i.vListInitialise   list.o
    0x080136a0   0x00000006   Code   RO          359    i.vListInitialiseItem  list.o
    0x080136a6   0x00000030   Code   RO          360    i.vListInsert       list.o
    0x080136d6   0x00000018   Code   RO          361    i.vListInsertEnd    list.o
    0x080136ee   0x00000002   PAD
    0x080136f0   0x00000034   Code   RO         5904    i.vPortEnterCritical  port.o
    0x08013724   0x00000024   Code   RO         5905    i.vPortExitCritical  port.o
    0x08013748   0x00000048   Code   RO         5986    i.vPortFree         heap_4.o
    0x08013790   0x00000044   Code   RO         5906    i.vPortSetupTimerInterrupt  port.o
    0x080137d4   0x000000e0   Code   RO         5907    i.vPortSuppressTicksAndSleep  port.o
    0x080138b4   0x00000040   Code   RO         5908    i.vPortValidateInterruptPriority  port.o
    0x080138f4   0x00000018   Code   RO         5909    i.vPortYield        port.o
    0x0801390c   0x0000001a   Code   RO          411    i.vQueueDelete      queue.o
    0x08013926   0x00000002   PAD
    0x08013928   0x00000024   Code   RO          413    i.vQueueUnregisterQueue  queue.o
    0x0801394c   0x00000050   Code   RO           18    i.vTaskDelay        tasks.o
    0x0801399c   0x0000000c   Code   RO           22    i.vTaskMissedYield  tasks.o
    0x080139a8   0x00000058   Code   RO           24    i.vTaskPlaceOnEventList  tasks.o
    0x08013a00   0x00000084   Code   RO           26    i.vTaskPriorityInherit  tasks.o
    0x08013a84   0x0000001c   Code   RO           30    i.vTaskSetTimeOutState  tasks.o
    0x08013aa0   0x00000054   Code   RO           31    i.vTaskStartScheduler  tasks.o
    0x08013af4   0x00000020   Code   RO           32    i.vTaskStepTick     tasks.o
    0x08013b14   0x00000010   Code   RO           34    i.vTaskSuspendAll   tasks.o
    0x08013b24   0x00000054   Code   RO           35    i.vTaskSwitchContext  tasks.o
    0x08013b78   0x00000040   Code   RO         6152    i.validate          ff.o
    0x08013bb8   0x00000074   Code   RO         5910    i.xPortStartScheduler  port.o
    0x08013c2c   0x00000024   Code   RO         5911    i.xPortSysTickHandler  port.o
    0x08013c50   0x0000002a   Code   RO          414    i.xQueueCreateCountingSemaphore  queue.o
    0x08013c7a   0x0000004a   Code   RO          415    i.xQueueCreateMutex  queue.o
    0x08013cc4   0x00000050   Code   RO          416    i.xQueueGenericCreate  queue.o
    0x08013d14   0x0000012e   Code   RO          417    i.xQueueGenericReceive  queue.o
    0x08013e42   0x0000006a   Code   RO          418    i.xQueueGenericReset  queue.o
    0x08013eac   0x00000114   Code   RO          419    i.xQueueGenericSend  queue.o
    0x08013fc0   0x0000008c   Code   RO          420    i.xQueueGenericSendFromISR  queue.o
    0x0801404c   0x00000076   Code   RO          422    i.xQueueGiveFromISR  queue.o
    0x080140c2   0x00000076   Code   RO          427    i.xQueueReceiveFromISR  queue.o
    0x08014138   0x00000058   Code   RO           36    i.xTaskCheckForTimeOut  tasks.o
    0x08014190   0x0000018c   Code   RO           37    i.xTaskGenericCreate  tasks.o
    0x0801431c   0x0000001c   Code   RO           41    i.xTaskGetSchedulerState  tasks.o
    0x08014338   0x000000c0   Code   RO           44    i.xTaskIncrementTick  tasks.o
    0x080143f8   0x00000084   Code   RO           47    i.xTaskPriorityDisinherit  tasks.o
    0x0801447c   0x00000070   Code   RO           48    i.xTaskRemoveFromEventList  tasks.o
    0x080144ec   0x000000ac   Code   RO           50    i.xTaskResumeAll    tasks.o
    0x08014598   0x00000019   Data   RO         1100    .constdata          system_stm32l1xx.o
    0x080145b1   0x00000008   Data   RO         1101    .constdata          system_stm32l1xx.o
    0x080145b9   0x00000003   PAD
    0x080145bc   0x0000001c   Data   RO         1150    .constdata          display_module.o
    0x080145d8   0x00000014   Data   RO         1345    .constdata          sys_time_module.o
    0x080145ec   0x00000028   Data   RO         1431    .constdata          usart_module.o
    0x08014614   0x00000054   Data   RO         1493    .constdata          storage_moudle.o
    0x08014668   0x00000034   Data   RO         1876    .constdata          time_related.o
    0x0801469c   0x000007d0   Data   RO         2133    .constdata          lcm_drive.o
    0x08014e6c   0x00000040   Data   RO         2260    .constdata          font12_16_16.o
    0x08014eac   0x00000040   Data   RO         2262    .constdata          font12_16_16.o
    0x08014eec   0x00000040   Data   RO         2263    .constdata          font12_16_16.o
    0x08014f2c   0x00000080   Data   RO         2271    .constdata          font12_16_16.o
    0x08014fac   0x00000080   Data   RO         2272    .constdata          font12_16_16.o
    0x0801502c   0x00000020   Data   RO         2279    .constdata          font12_16_16.o
    0x0801504c   0x00000080   Data   RO         2280    .constdata          font12_16_16.o
    0x080150cc   0x000000ac   Data   RO         6154    .constdata          ff.o
    0x08015178   0x00000014   Data   RO         6497    .constdata          sd_diskio.o
    0x0801518c   0x00000040   Data   RO         7118    .constdata          mc_w.l(ctype_c.o)
    0x080151cc   0x00000008   Data   RO         1151    .conststring        display_module.o
    0x080151d4   0x00000008   Data   RO         1346    .conststring        sys_time_module.o
    0x080151dc   0x0000000f   Data   RO         1432    .conststring        usart_module.o
    0x080151eb   0x00000001   PAD
    0x080151ec   0x00000008   Data   RO         1494    .conststring        storage_moudle.o
    0x080151f4   0x00000020   Data   RO         7120    Region$$Table       anon$$obj.o


    Execution Region RW_IRAM1 (Base: 0x20000000, Size: 0x00007f90, Max: 0x00008000, ABSOLUTE)

    Base Addr    Size         Type   Attr      Idx    E Section Name        Object

    0x20000000   0x00000038   Data   RW           53    .data               tasks.o
    0x20000038   0x00000004   Data   RW         1102    .data               system_stm32l1xx.o
    0x2000003c   0x0000001c   Data   RW         1152    .data               display_module.o
    0x20000058   0x00000010   Data   RW         1347    .data               sys_time_module.o
    0x20000068   0x00000058   Data   RW         1435    .data               usart_module.o
    0x200000c0   0x00000004   Data   RW         1436    .data               usart_module.o
    0x200000c4   0x00000014   Data   RW         1495    .data               storage_moudle.o
    0x200000d8   0x00000003   Data   RW         1543    .data               main.o
    0x200000db   0x00000001   PAD
    0x200000dc   0x00000004   Data   RW         1789    .data               pcf8563.o
    0x200000e0   0x00000004   Data   RW         1955    .data               sd_io_low.o
    0x200000e4   0x00000004   Data   RW         2543    .data               stm32l1xx_hal.o
    0x200000e8   0x00000018   Data   RW         5912    .data               port.o
    0x20000100   0x00000018   Data   RW         5991    .data               heap_4.o
    0x20000118   0x00000008   Data   RW         6155    .data               ff.o
    0x20000120   0x00000001   Data   RW         6498    .data               sd_diskio.o
    0x20000121   0x00000001   Data   RW         6624    .data               stm32_adafruit_sd.o
    0x20000122   0x00000002   PAD
    0x20000124   0x00000004   Data   RW         7070    .data               mc_w.l(stdout.o)
    0x20000128   0x000000f0   Zero   RW           52    .bss                tasks.o
    0x20000218   0x00000040   Zero   RW          429    .bss                queue.o
    0x20000258   0x00000108   Zero   RW         1149    .bss                display_module.o
    0x20000360   0x000004e5   Zero   RW         1344    .bss                sys_time_module.o
    0x20000845   0x00000003   PAD
    0x20000848   0x0000076c   Zero   RW         1430    .bss                usart_module.o
    0x20000fb4   0x00000ce4   Zero   RW         1492    .bss                storage_moudle.o
    0x20001c98   0x000000c0   Zero   RW         1688    .bss                usart.o
    0x20001d58   0x00000020   Zero   RW         1745    .bss                rtc.o
    0x20001d78   0x0000000c   Zero   RW         1834    .bss                iwdg.o
    0x20001d84   0x00000058   Zero   RW         1954    .bss                sd_io_low.o
    0x20001ddc   0x000000a8   Zero   RW         2024    .bss                i2c.o
    0x20001e84   0x00000070   Zero   RW         2072    .bss                tim.o
    0x20001ef4   0x00005000   Zero   RW         5990    .bss                heap_4.o
    0x20006ef4   0x00000090   Zero   RW         6153    .bss                ff.o
    0x20006f84   0x0000000c   Zero   RW         6446    .bss                ff_gen_drv.o
    0x20006f90   0x00001000   Zero   RW          912    STACK               startup_stm32l152xc.o


==============================================================================

Image component sizes


      Code (inc. data)   RO Data    RW Data    ZI Data      Debug   Object Name

        88         12          0          0          0        994   button.o
       772         32          0          0          0      21114   cmsis_os.o
       152         22          0          0          0       7543   diskio.o
      3188        588         36         28        264      28930   display_module.o
      6786         70        172          8        144      38572   ff.o
        70          4          0          0         12       1779   ff_gen_drv.o
         0          0        608          0          0       1580   font12_16_16.o
       412         24          0         24      20480       4719   heap_4.o
       296         48          0          0        168       2656   i2c.o
        28          8          0          0         12        792   iwdg.o
      1312         42       2000          0          0      10241   lcm_drive.o
       136          0          0          0          0       3942   list.o
       318         76          0          3          0       4605   main.o
       602         16          0          4          0       5051   pcf8563.o
       838         84          0         24          0      11151   port.o
      1566          6          0          0         64      14552   queue.o
       284         80          0          0         32       2015   rtc.o
       184         16         20          1          0       4736   sd_diskio.o
       572         58          0          4         88       6661   sd_io_low.o
        36          8        292          0       4096        892   startup_stm32l152xc.o
      1070          4          0          1          0       7958   stm32_adafruit_sd.o
         0          0          0          0          0     436580   stm32l152c_discovery.o
       130         16          0          4          0       5037   stm32l1xx_hal.o
       248         22          0          0          0      29228   stm32l1xx_hal_cortex.o
       728         66          0          0          0       4828   stm32l1xx_hal_gpio.o
      2536         34          0          0          0      14027   stm32l1xx_hal_i2c.o
        94          0          0          0          0       2003   stm32l1xx_hal_iwdg.o
        72         14          0          0          0       1324   stm32l1xx_hal_pwr.o
        16          6          0          0          0        664   stm32l1xx_hal_pwr_ex.o
      2708        110          0          0          0       7804   stm32l1xx_hal_rcc.o
       392         14          0          0          0       1652   stm32l1xx_hal_rcc_ex.o
       846         26          0          0          0       6931   stm32l1xx_hal_rtc.o
       556          8          0          0          0       3929   stm32l1xx_hal_rtc_ex.o
      1220          0          0          0          0       6551   stm32l1xx_hal_spi.o
       132          0          0          0          0       1291   stm32l1xx_hal_spi_ex.o
       304          0          0          0          0       5482   stm32l1xx_hal_tim.o
      1118          6          0          0          0       4821   stm32l1xx_hal_uart.o
       100         18          0          0          0       9717   stm32l1xx_it.o
      1184        500         92         20       3300       5759   storage_moudle.o
      7784        710         28         16       1253       9704   sys_time_module.o
        60          0          0          0          0       3920   syscall.o
        80         18         33          4          0       1483   system_stm32l1xx.o
      2024        174          0         56        240      41462   tasks.o
         0          0          0          0        112        326   tim.o
       374         16         52          0          0       3900   time_related.o
         0          0          0          0          0       3172   timers.o
       404         52          0          0        192       3360   usart.o
      2100        568         55         92       1900      10685   usart_module.o

    ----------------------------------------------------------------------
     43980       3576       3424        292      32360     806123   Object Totals
         0          0         32          0          0          0   (incl. Generated)
        60          0          4          3          3          0   (incl. Padding)

    ----------------------------------------------------------------------

      Code (inc. data)   RO Data    RW Data    ZI Data      Debug   Library Member Name

        56          8          0          0          0         84   __0sscanf.o
        28          0          0          0          0         68   _chval.o
       812          4          0          0          0        112   _scanf.o
       332          0          0          0          0         96   _scanf_int.o
        64          0          0          0          0         84   _sgetc.o
        40          6         64          0          0         68   ctype_c.o
         0          0          0          0          0          0   entry.o
         0          0          0          0          0          0   entry10a.o
         0          0          0          0          0          0   entry11a.o
         8          4          0          0          0          0   entry2.o
         4          0          0          0          0          0   entry5.o
         0          0          0          0          0          0   entry7b.o
         0          0          0          0          0          0   entry8b.o
         8          4          0          0          0          0   entry9a.o
        30          0          0          0          0          0   handlers.o
        36          8          0          0          0         68   init.o
        10          0          0          0          0         68   isspace_c.o
         0          0          0          0          0          0   iusefp.o
        30          0          0          0          0         68   llshl.o
        36          0          0          0          0         68   llsshr.o
        32          0          0          0          0         68   llushr.o
        36          0          0          0          0         68   memcpya.o
        36          0          0          0          0        108   memseta.o
      2338        100          0          0          0        748   printfa.o
        40          8          0          0          0         84   scanf_char.o
       838         12          0          0          0        216   scanf_fp.o
         0          0          0          4          0          0   stdout.o
        14          0          0          0          0         68   strlen.o
        36          0          0          0          0         80   strstr.o
        44          0          0          0          0         80   uidiv.o
        98          0          0          0          0         92   uldiv.o
        48          0          0          0          0         68   cdrcmple.o
        56          0          0          0          0         88   d2f.o
       334          0          0          0          0        148   dadd.o
       222          0          0          0          0        100   ddiv.o
       186          0          0          0          0        176   depilogue.o
        48          0          0          0          0         68   dfixul.o
        24          0          0          0          0         76   dfltul.o
       228          0          0          0          0         96   dmul.o
        38          0          0          0          0         68   f2d.o
       110          0          0          0          0        168   fepilogue.o

    ----------------------------------------------------------------------
      6312        154         64          4          0       3452   Library Totals
        12          0          0          0          0          0   (incl. Padding)

    ----------------------------------------------------------------------

      Code (inc. data)   RO Data    RW Data    ZI Data      Debug   Library Name

      5006        154         64          4          0       2396   mc_w.l
      1294          0          0          0          0       1056   mf_w.l

    ----------------------------------------------------------------------
      6312        154         64          4          0       3452   Library Totals

    ----------------------------------------------------------------------

==============================================================================


      Code (inc. data)   RO Data    RW Data    ZI Data      Debug   

     50292       3730       3488        296      32360     792463   Grand Totals
     50292       3730       3488        296      32360     792463   ELF Image Totals
     50292       3730       3488        296          0          0   ROM Totals

==============================================================================

    Total RO  Size (Code + RO Data)                53780 (  52.52kB)
    Total RW  Size (RW Data + ZI Data)             32656 (  31.89kB)
    Total ROM Size (Code + RO Data + RW Data)      54076 (  52.81kB)

==============================================================================

